Component: ARM Compiler 5.06 update 5 (build 528) Tool: armlink [4d35e2]

==============================================================================

Section Cross References

    main.o(i.main) refers to misc.o(i.NVIC_PriorityGroupConfig) for NVIC_PriorityGroupConfig
    main.o(i.main) refers to delay.o(i.delay_init) for delay_init
    main.o(i.main) refers to oled_i2c.o(i.OLED_Init) for OLED_Init
    main.o(i.main) refers to key.o(i.KEY1_Init) for KEY1_Init
    main.o(i.main) refers to beep_led_relay.o(i.Led1_init) for Led1_init
    main.o(i.main) refers to beep_led_relay.o(i.Relay_init) for Relay_init
    main.o(i.main) refers to adc.o(i.Adc_Init2) for Adc_Init2
    main.o(i.main) refers to adc.o(i.Adc_Init1) for Adc_Init1
    main.o(i.main) refers to adc.o(i.Adc_Init) for Adc_Init
    main.o(i.main) refers to dht11.o(i.DHT11_Init) for DHT11_Init
    main.o(i.main) refers to oled_i2c.o(i.OLED_CLS) for OLED_CLS
    main.o(i.main) refers to timer4.o(i.TIM4_Init) for TIM4_Init
    main.o(i.main) refers to wifi.o(i.ALi_ESP8266_GPIO_Init) for ALi_ESP8266_GPIO_Init
    main.o(i.main) refers to mqtt.o(i.MQTT_Buff_Init) for MQTT_Buff_Init
    main.o(i.main) refers to mqtt.o(i.AliIoT_Parameter_Init) for AliIoT_Parameter_Init
    main.o(i.main) refers to control_report_to_police.o(i.OLED_Display_Cotrol) for OLED_Display_Cotrol
    system_stm32f10x.o(i.SetSysClock) refers to system_stm32f10x.o(i.SetSysClockTo72) for SetSysClockTo72
    system_stm32f10x.o(i.SystemCoreClockUpdate) refers to system_stm32f10x.o(.data) for SystemCoreClock
    system_stm32f10x.o(i.SystemInit) refers to system_stm32f10x.o(i.SetSysClock) for SetSysClock
    delay.o(i.delay_init) refers to misc.o(i.SysTick_CLKSourceConfig) for SysTick_CLKSourceConfig
    delay.o(i.delay_init) refers to system_stm32f10x.o(.data) for SystemCoreClock
    delay.o(i.delay_init) refers to delay.o(.data) for fac_us
    delay.o(i.delay_ms) refers to delay.o(.data) for fac_ms
    delay.o(i.delay_us) refers to delay.o(.data) for fac_us
    key.o(i.KEY1_Init) refers to stm32f10x_rcc.o(i.RCC_APB2PeriphClockCmd) for RCC_APB2PeriphClockCmd
    key.o(i.KEY1_Init) refers to stm32f10x_gpio.o(i.GPIO_Init) for GPIO_Init
    key.o(i.KEY_Scan) refers to stm32f10x_gpio.o(i.GPIO_ReadInputDataBit) for GPIO_ReadInputDataBit
    key.o(i.KEY_Scan) refers to delay.o(i.delay_ms) for delay_ms
    key.o(i.KEY_Scan) refers to key.o(.data) for key_up
    key.o(i.Key_Control_Handle) refers to key.o(i.KEY_Scan) for KEY_Scan
    key.o(i.Key_Control_Handle) refers to key.o(.data) for Key_0_Num_Count
    key.o(i.Limit_Value_Set_1) refers to key.o(i.KEY_Scan) for KEY_Scan
    key.o(i.Limit_Value_Set_1) refers to key.o(.data) for Parameter_Select
    key.o(i.Limit_Value_Set_2) refers to key.o(i.KEY_Scan) for KEY_Scan
    key.o(i.Limit_Value_Set_2) refers to key.o(.data) for Parameter_Select
    key.o(i.One_Key_Control_Handle) refers to key.o(i.KEY_Scan) for KEY_Scan
    oled_i2c.o(i.I2C_Configuration) refers to stm32f10x_rcc.o(i.RCC_APB1PeriphClockCmd) for RCC_APB1PeriphClockCmd
    oled_i2c.o(i.I2C_Configuration) refers to stm32f10x_rcc.o(i.RCC_APB2PeriphClockCmd) for RCC_APB2PeriphClockCmd
    oled_i2c.o(i.I2C_Configuration) refers to stm32f10x_gpio.o(i.GPIO_Init) for GPIO_Init
    oled_i2c.o(i.I2C_Configuration) refers to stm32f10x_i2c.o(i.I2C_DeInit) for I2C_DeInit
    oled_i2c.o(i.I2C_Configuration) refers to stm32f10x_i2c.o(i.I2C_Cmd) for I2C_Cmd
    oled_i2c.o(i.I2C_Configuration) refers to stm32f10x_i2c.o(i.I2C_Init) for I2C_Init
    oled_i2c.o(i.I2C_WriteByte) refers to stm32f10x_i2c.o(i.I2C_GetFlagStatus) for I2C_GetFlagStatus
    oled_i2c.o(i.I2C_WriteByte) refers to stm32f10x_i2c.o(i.I2C_GenerateSTART) for I2C_GenerateSTART
    oled_i2c.o(i.I2C_WriteByte) refers to stm32f10x_i2c.o(i.I2C_CheckEvent) for I2C_CheckEvent
    oled_i2c.o(i.I2C_WriteByte) refers to stm32f10x_i2c.o(i.I2C_Send7bitAddress) for I2C_Send7bitAddress
    oled_i2c.o(i.I2C_WriteByte) refers to stm32f10x_i2c.o(i.I2C_SendData) for I2C_SendData
    oled_i2c.o(i.I2C_WriteByte) refers to stm32f10x_i2c.o(i.I2C_GenerateSTOP) for I2C_GenerateSTOP
    oled_i2c.o(i.OLED_CLS) refers to oled_i2c.o(i.OLED_Fill) for OLED_Fill
    oled_i2c.o(i.OLED_DrawBMP) refers to oled_i2c.o(i.OLED_SetPos) for OLED_SetPos
    oled_i2c.o(i.OLED_DrawBMP) refers to oled_i2c.o(i.WriteDat) for WriteDat
    oled_i2c.o(i.OLED_Fill) refers to oled_i2c.o(i.WriteCmd) for WriteCmd
    oled_i2c.o(i.OLED_Fill) refers to oled_i2c.o(i.WriteDat) for WriteDat
    oled_i2c.o(i.OLED_Init) refers to oled_i2c.o(i.I2C_Configuration) for I2C_Configuration
    oled_i2c.o(i.OLED_Init) refers to delay.o(i.delay_ms) for delay_ms
    oled_i2c.o(i.OLED_Init) refers to oled_i2c.o(i.WriteCmd) for WriteCmd
    oled_i2c.o(i.OLED_OFF) refers to oled_i2c.o(i.WriteCmd) for WriteCmd
    oled_i2c.o(i.OLED_ON) refers to oled_i2c.o(i.WriteCmd) for WriteCmd
    oled_i2c.o(i.OLED_SetPos) refers to oled_i2c.o(i.WriteCmd) for WriteCmd
[...]
    ..\STM32F10x_FWLib\src\stm32f10x_flash.c 0x00000000   Number         0  stm32f10x_flash.o ABSOLUTE
    ..\STM32F10x_FWLib\src\stm32f10x_fsmc.c  0x00000000   Number         0  stm32f10x_fsmc.o ABSOLUTE
    ..\STM32F10x_FWLib\src\stm32f10x_gpio.c  0x00000000   Number         0  stm32f10x_gpio.o ABSOLUTE
    ..\STM32F10x_FWLib\src\stm32f10x_i2c.c   0x00000000   Number         0  stm32f10x_i2c.o ABSOLUTE
    ..\STM32F10x_FWLib\src\stm32f10x_iwdg.c  0x00000000   Number         0  stm32f10x_iwdg.o ABSOLUTE
    ..\STM32F10x_FWLib\src\stm32f10x_pwr.c   0x00000000   Number         0  stm32f10x_pwr.o ABSOLUTE
    ..\STM32F10x_FWLib\src\stm32f10x_rcc.c   0x00000000   Number         0  stm32f10x_rcc.o ABSOLUTE
    ..\STM32F10x_FWLib\src\stm32f10x_rtc.c   0x00000000   Number         0  stm32f10x_rtc.o ABSOLUTE
    ..\STM32F10x_FWLib\src\stm32f10x_sdio.c  0x00000000   Number         0  stm32f10x_sdio.o ABSOLUTE
    ..\STM32F10x_FWLib\src\stm32f10x_spi.c   0x00000000   Number         0  stm32f10x_spi.o ABSOLUTE
    ..\STM32F10x_FWLib\src\stm32f10x_tim.c   0x00000000   Number         0  stm32f10x_tim.o ABSOLUTE
    ..\STM32F10x_FWLib\src\stm32f10x_usart.c 0x00000000   Number         0  stm32f10x_usart.o ABSOLUTE
    ..\STM32F10x_FWLib\src\stm32f10x_wwdg.c  0x00000000   Number         0  stm32f10x_wwdg.o ABSOLUTE
    ..\SYSTEM\103C8T6_ADC1\adc.c             0x00000000   Number         0  adc.o ABSOLUTE
    ..\SYSTEM\103C8T6_DHT11\dht11.c          0x00000000   Number         0  dht11.o ABSOLUTE
    ..\SYSTEM\103C8T6_IIC\myiic.c            0x00000000   Number         0  myiic.o ABSOLUTE
    ..\SYSTEM\103C8T6_OLED4\OLED_I2C.c       0x00000000   Number         0  oled_i2c.o ABSOLUTE
    ..\SYSTEM\103C8T6_SPI\spi.c              0x00000000   Number         0  spi.o ABSOLUTE
    ..\SYSTEM\103C8T6_TIME3\timer3.c         0x00000000   Number         0  timer3.o ABSOLUTE
    ..\SYSTEM\103C8T6_TIME4\timer4.c         0x00000000   Number         0  timer4.o ABSOLUTE
    ..\SYSTEM\103C8T6_UART1\usart .c         0x00000000   Number         0  usart .o ABSOLUTE
    ..\SYSTEM\103C8T6_UART2\usart2.c         0x00000000   Number         0  usart2.o ABSOLUTE
    ..\SYSTEM\103C8T6_UART3\usart3.c         0x00000000   Number         0  usart3.o ABSOLUTE
    ..\SYSTEM\Beep_Led_Relay\Beep_Led_Relay.c 0x00000000   Number         0  beep_led_relay.o ABSOLUTE
    ..\SYSTEM\Control_Report_To_Police\Control_Report_To_Police.c 0x00000000   Number         0  control_report_to_police.o ABSOLUTE
    ..\SYSTEM\delay\delay.c                  0x00000000   Number         0  delay.o ABSOLUTE
    ..\SYSTEM\key\key.c                      0x00000000   Number         0  key.o ABSOLUTE
    ..\SYSTEM\sys\sys.c                      0x00000000   Number         0  sys.o ABSOLUTE
    ..\\CORE\\core_cm3.c                     0x00000000   Number         0  core_cm3.o ABSOLUTE
    ..\\SYSTEM\\sys\\sys.c                   0x00000000   Number         0  sys.o ABSOLUTE
    cdcmple.s                                0x00000000   Number         0  cdcmple.o ABSOLUTE
    cdrcmple.s                               0x00000000   Number         0  cdrcmple.o ABSOLUTE
    dc.s                                     0x00000000   Number         0  dc.o ABSOLUTE
    handlers.s                               0x00000000   Number         0  handlers.o ABSOLUTE
    init.s                                   0x00000000   Number         0  init.o ABSOLUTE
    main.c                                   0x00000000   Number         0  main.o ABSOLUTE
    stm32f10x_it.c                           0x00000000   Number         0  stm32f10x_it.o ABSOLUTE
    system_stm32f10x.c                       0x00000000   Number         0  system_stm32f10x.o ABSOLUTE
    RESET                                    0x08000000   Section      304  startup_stm32f10x_hd.o(RESET)
    .ARM.Collect$$$$00000000                 0x08000130   Section        0  entry.o(.ARM.Collect$$$$00000000)
    .ARM.Collect$$$$00000001                 0x08000130   Section        4  entry2.o(.ARM.Collect$$$$00000001)
    .ARM.Collect$$$$00000004                 0x08000134   Section        4  entry5.o(.ARM.Collect$$$$00000004)
    .ARM.Collect$$$$00000008                 0x08000138   Section        0  entry7b.o(.ARM.Collect$$$$00000008)
    .ARM.Collect$$$$0000000A                 0x08000138   Section        0  entry8b.o(.ARM.Collect$$$$0000000A)
    .ARM.Collect$$$$0000000B                 0x08000138   Section        8  entry9a.o(.ARM.Collect$$$$0000000B)
    .ARM.Collect$$$$0000000D                 0x08000140   Section        0  entry10a.o(.ARM.Collect$$$$0000000D)
    .ARM.Collect$$$$0000000F                 0x08000140   Section        0  entry11a.o(.ARM.Collect$$$$0000000F)
    .ARM.Collect$$$$00002712                 0x08000140   Section        4  entry2.o(.ARM.Collect$$$$00002712)
    __lit__00000000                          0x08000140   Data           4  entry2.o(.ARM.Collect$$$$00002712)
    .text                                    0x08000144   Section       36  startup_stm32f10x_hd.o(.text)
    .text                                    0x08000168   Section        0  memcpya.o(.text)
    .text                                    0x0800018c   Section        0  memseta.o(.text)
    .text                                    0x080001b0   Section        0  strstr.o(.text)
    .text                                    0x080001d4   Section        0  strlen.o(.text)
    .text                                    0x080001e2   Section        0  fadd.o(.text)
    .text                                    0x08000292   Section        0  fmul.o(.text)
    .text                                    0x080002f6   Section        0  fdiv.o(.text)
    .text                                    0x08000372   Section        0  dadd.o(.text)
    .text                                    0x080004c0   Section        0  dmul.o(.text)
    .text                                    0x080005a4   Section        0  ddiv.o(.text)
    .text                                    0x08000682   Section        0  ffltui.o(.text)
    .text                                    0x0800068c   Section        0  ffixi.o(.text)
    .text                                    0x080006be   Section        0  uidiv.o(.text)
    .text                                    0x080006ea   Section        0  uldiv.o(.text)
    .text                                    0x0800074c   Section        0  llshl.o(.text)
    .text                                    0x0800076a   Section        0  llsshr.o(.text)
    .text                                    0x0800078e   Section        0  iusefp.o(.text)
    .text                                    0x0800078e   Section        0  fepilogue.o(.text)
    .text                                    0x080007fc   Section        0  depilogue.o(.text)
    .text                                    0x080008b6   Section        0  dfixul.o(.text)
    .text                                    0x080008e8   Section       48  cdrcmple.o(.text)
    .text                                    0x08000918   Section       36  init.o(.text)
    .text                                    0x0800093c   Section        0  llushr.o(.text)
    .text                                    0x0800095c   Section        0  __dczerorl2.o(.text)
    i.ADC_Cmd                                0x080009b2   Section        0  stm32f10x_adc.o(i.ADC_Cmd)
    i.ADC_DeInit                             0x080009c8   Section        0  stm32f10x_adc.o(i.ADC_DeInit)
    i.ADC_GetCalibrationStatus               0x08000a24   Section        0  stm32f10x_adc.o(i.ADC_GetCalibrationStatus)
    i.ADC_GetConversionValue                 0x08000a38   Section        0  stm32f10x_adc.o(i.ADC_GetConversionValue)
    i.ADC_GetFlagStatus                      0x08000a40   Section        0  stm32f10x_adc.o(i.ADC_GetFlagStatus)
    i.ADC_GetResetCalibrationStatus          0x08000a52   Section        0  stm32f10x_adc.o(i.ADC_GetResetCalibrationStatus)
    i.ADC_Init                               0x08000a68   Section        0  stm32f10x_adc.o(i.ADC_Init)
    i.ADC_RegularChannelConfig               0x08000ab8   Section        0  stm32f10x_adc.o(i.ADC_RegularChannelConfig)
    i.ADC_ResetCalibration                   0x08000b70   Section        0  stm32f10x_adc.o(i.ADC_ResetCalibration)
    i.ADC_SoftwareStartConvCmd               0x08000b7a   Section        0  stm32f10x_adc.o(i.ADC_SoftwareStartConvCmd)
    i.ADC_StartCalibration                   0x08000b90   Section        0  stm32f10x_adc.o(i.ADC_StartCalibration)
    i.ALi_ESP8266_GPIO_Init                  0x08000b9a   Section        0  wifi.o(i.ALi_ESP8266_GPIO_Init)
    i.Adc_Init                               0x08000bac   Section        0  adc.o(i.Adc_Init)
    i.Adc_Init1                              0x08000c38   Section        0  adc.o(i.Adc_Init1)
    i.Adc_Init2                              0x08000cc4   Section        0  adc.o(i.Adc_Init2)
    i.AliIoT_Parameter_Init                  0x08000d50   Section        0  mqtt.o(i.AliIoT_Parameter_Init)
    i.BusFault_Handler                       0x08000ec8   Section        0  stm32f10x_it.o(i.BusFault_Handler)
    i.CMDBuf_Deal                            0x08000ecc   Section        0  mqtt.o(i.CMDBuf_Deal)
    i.DHT11_Check                            0x08000f38   Section        0  dht11.o(i.DHT11_Check)
    i.DHT11_Init                             0x08000f9c   Section        0  dht11.o(i.DHT11_Init)
    i.DHT11_Read_Bit                         0x08000fdc   Section        0  dht11.o(i.DHT11_Read_Bit)
    i.DHT11_Read_Byte                        0x08001028   Section        0  dht11.o(i.DHT11_Read_Byte)
    i.DHT11_Read_Data                        0x08001046   Section        0  dht11.o(i.DHT11_Read_Data)
    i.DHT11_Rst                              0x080010a0   Section        0  dht11.o(i.DHT11_Rst)
    i.DebugMon_Handler                       0x080010e0   Section        0  stm32f10x_it.o(i.DebugMon_Handler)
    i.GPIO_Init                              0x080010e2   Section        0  stm32f10x_gpio.o(i.GPIO_Init)
    i.GPIO_ReadInputDataBit                  0x080011f8   Section        0  stm32f10x_gpio.o(i.GPIO_ReadInputDataBit)
    i.GPIO_SetBits                           0x0800120a   Section        0  stm32f10x_gpio.o(i.GPIO_SetBits)
    i.GPIO_WriteBit                          0x0800120e   Section        0  stm32f10x_gpio.o(i.GPIO_WriteBit)
    i.Get_Adc                                0x08001218   Section        0  adc.o(i.Get_Adc)
    i.Get_Adc_Average                        0x0800124c   Section        0  adc.o(i.Get_Adc_Average)
    i.Get_adc                                0x0800127c   Section        0  adc.o(i.Get_adc)
    i.Get_adc1                               0x080012b0   Section        0  adc.o(i.Get_adc1)
    i.Get_adc2                               0x080012f0   Section        0  adc.o(i.Get_adc2)
    i.HardFault_Handler                      0x08001324   Section        0  stm32f10x_it.o(i.HardFault_Handler)
    i.I2C_CheckEvent                         0x08001328   Section        0  stm32f10x_i2c.o(i.I2C_CheckEvent)
    i.I2C_Cmd                                0x08001352   Section        0  stm32f10x_i2c.o(i.I2C_Cmd)
    i.I2C_Configuration                      0x0800136c   Section        0  oled_i2c.o(i.I2C_Configuration)
    i.I2C_DeInit                             0x080013e8   Section        0  stm32f10x_i2c.o(i.I2C_DeInit)
    i.I2C_GenerateSTART                      0x08001420   Section        0  stm32f10x_i2c.o(i.I2C_GenerateSTART)
    i.I2C_GenerateSTOP                       0x08001438   Section        0  stm32f10x_i2c.o(i.I2C_GenerateSTOP)
    i.I2C_GetFlagStatus                      0x08001450   Section        0  stm32f10x_i2c.o(i.I2C_GetFlagStatus)
    i.I2C_Init                               0x0800148c   Section        0  stm32f10x_i2c.o(i.I2C_Init)
    i.I2C_Send7bitAddress                    0x08001578   Section        0  stm32f10x_i2c.o(i.I2C_Send7bitAddress)
    i.I2C_SendData                           0x0800158a   Section        0  stm32f10x_i2c.o(i.I2C_SendData)
    i.I2C_WriteByte                          0x08001590   Section        0  oled_i2c.o(i.I2C_WriteByte)
    i.KEY1_Init                              0x08001618   Section        0  key.o(i.KEY1_Init)
    i.KEY_Scan                               0x08001640   Section        0  key.o(i.KEY_Scan)
    i.Led1_init                              0x08001714   Section        0  beep_led_relay.o(i.Led1_init)
    i.MQTT_Buff_Init                         0x08001740   Section        0  mqtt.o(i.MQTT_Buff_Init)
    i.MQTT_Buff_ReInit                       0x080017dc   Section        0  mqtt.o(i.MQTT_Buff_ReInit)
    i.MQTT_ConectPack                        0x080018e0   Section        0  mqtt.o(i.MQTT_ConectPack)
    i.MQTT_DealPushdata_Qs0                  0x08001af8   Section        0  mqtt.o(i.MQTT_DealPushdata_Qs0)
    i.MQTT_PingREQ                           0x08001be0   Section        0  mqtt.o(i.MQTT_PingREQ)
    i.MQTT_PublishQs0                        0x08001bfc   Section        0  mqtt.o(i.MQTT_PublishQs0)
    i.MQTT_Subscribe                         0x08001ce8   Section        0  mqtt.o(i.MQTT_Subscribe)
    i.MemManage_Handler                      0x08001d80   Section        0  stm32f10x_it.o(i.MemManage_Handler)
    i.NMI_Handler                            0x08001d84   Section        0  stm32f10x_it.o(i.NMI_Handler)
    i.NVIC_Init                              0x08001d88   Section        0  misc.o(i.NVIC_Init)
    i.NVIC_PriorityGroupConfig               0x08001df8   Section        0  misc.o(i.NVIC_PriorityGroupConfig)
    i.OLED_CLS                               0x08001e0c   Section        0  oled_i2c.o(i.OLED_CLS)
    i.OLED_Display_Cotrol                    0x08001e18   Section        0  control_report_to_police.o(i.OLED_Display_Cotrol)
    i.OLED_Fill                              0x08002900   Section        0  oled_i2c.o(i.OLED_Fill)
    i.OLED_Init                              0x0800293a   Section        0  oled_i2c.o(i.OLED_Init)
    i.OLED_SetPos                            0x080029f0   Section        0  oled_i2c.o(i.OLED_SetPos)
    i.OLED_ShowCN                            0x08002a18   Section        0  oled_i2c.o(i.OLED_ShowCN)
    i.OLED_ShowStr                           0x08002a6c   Section        0  oled_i2c.o(i.OLED_ShowStr)
    i.PendSV_Handler                         0x08002b58   Section        0  stm32f10x_it.o(i.PendSV_Handler)
    i.RCC_ADCCLKConfig                       0x08002b5c   Section        0  stm32f10x_rcc.o(i.RCC_ADCCLKConfig)
    i.RCC_APB1PeriphClockCmd                 0x08002b74   Section        0  stm32f10x_rcc.o(i.RCC_APB1PeriphClockCmd)
    i.RCC_APB1PeriphResetCmd                 0x08002b94   Section        0  stm32f10x_rcc.o(i.RCC_APB1PeriphResetCmd)
    i.RCC_APB2PeriphClockCmd                 0x08002bb4   Section        0  stm32f10x_rcc.o(i.RCC_APB2PeriphClockCmd)
    i.RCC_APB2PeriphResetCmd                 0x08002bd4   Section        0  stm32f10x_rcc.o(i.RCC_APB2PeriphResetCmd)
    i.RCC_GetClocksFreq                      0x08002bf4   Section        0  stm32f10x_rcc.o(i.RCC_GetClocksFreq)
    i.Relay_init                             0x08002cc8   Section        0  beep_led_relay.o(i.Relay_init)
    i.SVC_Handler                            0x08002cf4   Section        0  stm32f10x_it.o(i.SVC_Handler)
    i.SetSysClock                            0x08002cf6   Section        0  system_stm32f10x.o(i.SetSysClock)
    SetSysClock                              0x08002cf7   Thumb Code     8  system_stm32f10x.o(i.SetSysClock)
    i.SetSysClockTo72                        0x08002d00   Section        0  system_stm32f10x.o(i.SetSysClockTo72)
    SetSysClockTo72                          0x08002d01   Thumb Code   214  system_stm32f10x.o(i.SetSysClockTo72)
    i.SysTick_CLKSourceConfig                0x08002de0   Section        0  misc.o(i.SysTick_CLKSourceConfig)
    i.SysTick_Handler                        0x08002e08   Section        0  stm32f10x_it.o(i.SysTick_Handler)
    i.SystemInit                             0x08002e0c   Section        0  system_stm32f10x.o(i.SystemInit)
    i.TIM3_ENABLE_2S                         0x08002e6c   Section        0  timer3.o(i.TIM3_ENABLE_2S)
    i.TIM3_ENABLE_30S                        0x08002ee4   Section        0  timer3.o(i.TIM3_ENABLE_30S)
    i.TIM3_IRQHandler                        0x08002f5c   Section        0  timer3.o(i.TIM3_IRQHandler)
    i.TIM4_IRQHandler                        0x08002fc8   Section        0  timer4.o(i.TIM4_IRQHandler)
    i.TIM4_Init                              0x08003070   Section        0  timer4.o(i.TIM4_Init)
    i.TIM_ClearITPendingBit                  0x080030e0   Section        0  stm32f10x_tim.o(i.TIM_ClearITPendingBit)
    i.TIM_Cmd                                0x080030e6   Section        0  stm32f10x_tim.o(i.TIM_Cmd)
    i.TIM_DeInit                             0x08003100   Section        0  stm32f10x_tim.o(i.TIM_DeInit)
    i.TIM_GetITStatus                        0x080032e8   Section        0  stm32f10x_tim.o(i.TIM_GetITStatus)
    i.TIM_ITConfig                           0x0800330a   Section        0  stm32f10x_tim.o(i.TIM_ITConfig)
    i.TIM_SetCounter                         0x0800331c   Section        0  stm32f10x_tim.o(i.TIM_SetCounter)
    i.TIM_TimeBaseInit                       0x08003320   Section        0  stm32f10x_tim.o(i.TIM_TimeBaseInit)
    i.TxDataBuf_Deal                         0x080033c4   Section        0  mqtt.o(i.TxDataBuf_Deal)
    i.USART1_IRQHandler                      0x08003428   Section        0  usart .o(i.USART1_IRQHandler)
    i.USART2_IRQHandler                      0x080034a8   Section        0  usart2.o(i.USART2_IRQHandler)
    i.USART3_IRQHandler                      0x08003524   Section        0  usart3.o(i.USART3_IRQHandler)
    i.USART_ClearFlag                        0x080035a4   Section        0  stm32f10x_usart.o(i.USART_ClearFlag)
    i.USART_Cmd                              0x080035b6   Section        0  stm32f10x_usart.o(i.USART_Cmd)
    i.USART_DeInit                           0x080035d0   Section        0  stm32f10x_usart.o(i.USART_DeInit)
    i.USART_GetFlagStatus                    0x0800366c   Section        0  stm32f10x_usart.o(i.USART_GetFlagStatus)
    i.USART_GetITStatus                      0x08003686   Section        0  stm32f10x_usart.o(i.USART_GetITStatus)
    i.USART_ITConfig                         0x080036da   Section        0  stm32f10x_usart.o(i.USART_ITConfig)
    i.USART_Init                             0x08003724   Section        0  stm32f10x_usart.o(i.USART_Init)
    i.USART_ReceiveData                      0x080037fc   Section        0  stm32f10x_usart.o(i.USART_ReceiveData)
    i.USART_SendData                         0x08003806   Section        0  stm32f10x_usart.o(i.USART_SendData)
    i.Uart2_GPIO_Init                        0x08003810   Section        0  usart2.o(i.Uart2_GPIO_Init)
    i.UsageFault_Handler                     0x08003850   Section        0  stm32f10x_it.o(i.UsageFault_Handler)
    i.Usart2_Init                            0x08003854   Section        0  usart2.o(i.Usart2_Init)
    i.Usart2_Usart_Init                      0x08003864   Section        0  usart2.o(i.Usart2_Usart_Init)
    i.WiFi_Connect_IoTServer                 0x080038e4   Section        0  wifi.o(i.WiFi_Connect_IoTServer)
    i.WiFi_Connect_Server                    0x08003988   Section        0  wifi.o(i.WiFi_Connect_Server)
    i.WiFi_JoinAP                            0x08003a94   Section        0  wifi.o(i.WiFi_JoinAP)
    i.WiFi_Reset                             0x08003b14   Section        0  wifi.o(i.WiFi_Reset)
    i.WiFi_ResetIO_Init                      0x08003b70   Section        0  wifi.o(i.WiFi_ResetIO_Init)
    i.WiFi_SendCmd                           0x08003ba8   Section        0  wifi.o(i.WiFi_SendCmd)
    i.WriteCmd                               0x08003c04   Section        0  oled_i2c.o(i.WriteCmd)
    i.WriteDat                               0x08003c12   Section        0  oled_i2c.o(i.WriteDat)
    i.__0sprintf$3                           0x08003c20   Section        0  printf3.o(i.__0sprintf$3)
    i.__0vsprintf                            0x08003c48   Section        0  printfa.o(i.__0vsprintf)
    i.__scatterload_copy                     0x08003c6c   Section       14  handlers.o(i.__scatterload_copy)
    i.__scatterload_null                     0x08003c7a   Section        2  handlers.o(i.__scatterload_null)
    i.__scatterload_zeroinit                 0x08003c7c   Section       14  handlers.o(i.__scatterload_zeroinit)
    i._fp_digits                             0x08003c8c   Section        0  printfa.o(i._fp_digits)
    _fp_digits                               0x08003c8d   Thumb Code   366  printfa.o(i._fp_digits)
    i._printf_core                           0x08003e10   Section        0  printf3.o(i._printf_core)
    _printf_core                             0x08003e11   Thumb Code   436  printf3.o(i._printf_core)
    i._printf_core                           0x08003fc8   Section        0  printfa.o(i._printf_core)
    _printf_core                             0x08003fc9   Thumb Code  1744  printfa.o(i._printf_core)
    i._printf_post_padding                   0x080046a4   Section        0  printfa.o(i._printf_post_padding)
    _printf_post_padding                     0x080046a5   Thumb Code    36  printfa.o(i._printf_post_padding)
    i._printf_pre_padding                    0x080046c8   Section        0  printfa.o(i._printf_pre_padding)
    _printf_pre_padding                      0x080046c9   Thumb Code    46  printfa.o(i._printf_pre_padding)
    i._sputc                                 0x080046f6   Section        0  printf3.o(i._sputc)
    _sputc                                   0x080046f7   Thumb Code    10  printf3.o(i._sputc)
    i._sputc                                 0x08004700   Section        0  printfa.o(i._sputc)
    _sputc                                   0x08004701   Thumb Code    10  printfa.o(i._sputc)
    i.delay_init                             0x0800470c   Section        0  delay.o(i.delay_init)
    i.delay_ms                               0x08004750   Section        0  delay.o(i.delay_ms)
    i.delay_us                               0x0800479c   Section        0  delay.o(i.delay_us)
    i.isSubstring                            0x080047e8   Section        0  control_report_to_police.o(i.isSubstring)
    i.main                                   0x08004832   Section        0  main.o(i.main)
    i.send_data                              0x08004888   Section        0  mqtt.o(i.send_data)
    i.u2_TxData                              0x08004950   Section        0  usart2.o(i.u2_TxData)
    i.u2_printf                              0x08004990   Section        0  usart2.o(i.u2_printf)
    i.utils_hb2hex                           0x080049e0   Section        0  utils_md5.o(i.utils_hb2hex)
    i.utils_hmac_sha1                        0x080049f8   Section        0  utils_hmac.o(i.utils_hmac_sha1)
    i.utils_sha1_finish                      0x08004ae0   Section        0  utils_sha1.o(i.utils_sha1_finish)
    i.utils_sha1_init                        0x08004bc8   Section        0  utils_sha1.o(i.utils_sha1_init)
    i.utils_sha1_process                     0x08004bd8   Section        0  utils_sha1.o(i.utils_sha1_process)
    i.utils_sha1_starts                      0x080064f4   Section        0  utils_sha1.o(i.utils_sha1_starts)
    i.utils_sha1_update                      0x08006520   Section        0  utils_sha1.o(i.utils_sha1_update)
    .constdata                               0x0800659c   Section     2072  oled_i2c.o(.constdata)
    .constdata                               0x08006db4   Section       64  utils_sha1.o(.constdata)
    iot_sha1_padding                         0x08006db4   Data          64  utils_sha1.o(.constdata)
    .conststring                             0x08006df4   Section      182  mqtt.o(.conststring)
    .data                                    0x20000000   Section       20  system_stm32f10x.o(.data)
    .data                                    0x20000014   Section        4  delay.o(.data)
    fac_us                                   0x20000014   Data           1  delay.o(.data)
    fac_ms                                   0x20000016   Data           2  delay.o(.data)
    .data                                    0x20000018   Section        4  key.o(.data)
    key_up                                   0x20000018   Data           1  key.o(.data)
    Parameter_Select                         0x20000019   Data           1  key.o(.data)
    Parameter_Select                         0x2000001a   Data           1  key.o(.data)
    Key_0_Num_Count                          0x2000001b   Data           1  key.o(.data)
    .data                                    0x2000001c   Section     1920  oled_i2c.o(.data)
    .data                                    0x2000079c   Section      100  control_report_to_police.o(.data)
    timeCount                                0x200007ae   Data           2  control_report_to_police.o(.data)
    temperature                              0x200007b0   Data           1  control_report_to_police.o(.data)
    humidity                                 0x200007b1   Data           1  control_report_to_police.o(.data)
    p1                                       0x200007b2   Data          16  control_report_to_police.o(.data)
    cotwo                                    0x200007c4   Data           4  control_report_to_police.o(.data)
    guan                                     0x200007c8   Data           4  control_report_to_police.o(.data)
    a                                        0x200007cc   Data           4  control_report_to_police.o(.data)
    b                                        0x200007d0   Data           4  control_report_to_police.o(.data)
    c                                        0x200007d4   Data           4  control_report_to_police.o(.data)
    d                                        0x200007d8   Data           4  control_report_to_police.o(.data)
    m                                        0x200007dc   Data           4  control_report_to_police.o(.data)
    n                                        0x200007e0   Data           4  control_report_to_police.o(.data)
    g                                        0x200007e4   Data           4  control_report_to_police.o(.data)
    coo                                      0x200007e8   Data           4  control_report_to_police.o(.data)
    guang                                    0x200007ec   Data           4  control_report_to_police.o(.data)
    led_on                                   0x200007f0   Data           4  control_report_to_police.o(.data)
    moter_on                                 0x200007f4   Data           4  control_report_to_police.o(.data)
    water_on                                 0x200007f8   Data           4  control_report_to_police.o(.data)
    turan                                    0x200007fc   Data           4  control_report_to_police.o(.data)
    .data                                    0x20000800   Section        8  usart .o(.data)
    .data                                    0x20000808   Section        6  usart2.o(.data)
    .data                                    0x2000080e   Section        2  usart3.o(.data)
    .data                                    0x20000810   Section       20  stm32f10x_rcc.o(.data)
    APBAHBPrescTable                         0x20000810   Data          16  stm32f10x_rcc.o(.data)
    ADCPrescTable                            0x20000820   Data           4  stm32f10x_rcc.o(.data)
    .data                                    0x20000824   Section       68  mqtt.o(.data)
    .data                                    0x20000868   Section        1  wifi.o(.data)
    .bss                                     0x20000870   Section     1000  usart .o(.bss)
    .bss                                     0x20000c58   Section     1512  usart2.o(.bss)
    .bss                                     0x20001240   Section     1000  usart3.o(.bss)
    .bss                                     0x20001628   Section    13312  mqtt.o(.bss)
    STACK                                    0x20004a28   Section     1024  startup_stm32f10x_hd.o(STACK)

    Global Symbols

    Symbol Name                              Value     Ov Type        Size  Object(Section)

    BuildAttributes$$THM_ISAv4$P$D$K$B$S$PE$A:L22UL41UL21$X:L11$S22US41US21$IEEE1$IW$USESV6$~STKCKD$USESV7$~SHL$OTIME$ROPI$IEEEX$EBA8$MICROLIB$REQ8$PRES8$EABIv2 0x00000000   Number         0  anon$$obj.o ABSOLUTE
    __ARM_use_no_argv                        0x00000000   Number         0  main.o ABSOLUTE
    __use_no_errno                           0x00000000   Number         0  useno.o ABSOLUTE
    __use_no_exception_handling              0x00000000   Number         0  useno.o ABSOLUTE
    __use_no_fp                              0x00000000   Number         0  useno.o ABSOLUTE
    __use_no_heap                            0x00000000   Number         0  useno.o ABSOLUTE
    __use_no_heap_region                     0x00000000   Number         0  useno.o ABSOLUTE
    __use_no_semihosting                     0x00000000   Number         0  useno.o ABSOLUTE
    __use_no_semihosting_swi                 0x00000000   Number         0  useno.o ABSOLUTE
    __use_no_signal_handling                 0x00000000   Number         0  useno.o ABSOLUTE
    _printf_a                                0x00000000   Number         0  stubs.o ABSOLUTE
    _printf_c                                0x00000000   Number         0  stubs.o ABSOLUTE
    _printf_charcount                        0x00000000   Number         0  stubs.o ABSOLUTE
    _printf_d                                0x00000000   Number         0  stubs.o ABSOLUTE
    _printf_e                                0x00000000   Number         0  stubs.o ABSOLUTE
    _printf_f                                0x00000000   Number         0  stubs.o ABSOLUTE
    _printf_flags                            0x00000000   Number         0  stubs.o ABSOLUTE
    _printf_fp_dec                           0x00000000   Number         0  stubs.o ABSOLUTE
    _printf_fp_hex                           0x00000000   Number         0  stubs.o ABSOLUTE
    _printf_g                                0x00000000   Number         0  stubs.o ABSOLUTE
    _printf_i                                0x00000000   Number         0  stubs.o ABSOLUTE
    _printf_int_dec                          0x00000000   Number         0  stubs.o ABSOLUTE
    _printf_l                                0x00000000   Number         0  stubs.o ABSOLUTE
    _printf_lc                               0x00000000   Number         0  stubs.o ABSOLUTE
    _printf_ll                               0x00000000   Number         0  stubs.o ABSOLUTE
    _printf_lld                              0x00000000   Number         0  stubs.o ABSOLUTE
    _printf_lli                              0x00000000   Number         0  stubs.o ABSOLUTE
    _printf_llo                              0x00000000   Number         0  stubs.o ABSOLUTE
    _printf_llu                              0x00000000   Number         0  stubs.o ABSOLUTE
    _printf_llx                              0x00000000   Number         0  stubs.o ABSOLUTE
    _printf_longlong_dec                     0x00000000   Number         0  stubs.o ABSOLUTE
    _printf_longlong_hex                     0x00000000   Number         0  stubs.o ABSOLUTE
    _printf_longlong_oct                     0x00000000   Number         0  stubs.o ABSOLUTE
    _printf_ls                               0x00000000   Number         0  stubs.o ABSOLUTE
    _printf_mbtowc                           0x00000000   Number         0  stubs.o ABSOLUTE
    _printf_n                                0x00000000   Number         0  stubs.o ABSOLUTE
    _printf_o                                0x00000000   Number         0  stubs.o ABSOLUTE
    _printf_p                                0x00000000   Number         0  stubs.o ABSOLUTE
    _printf_percent                          0x00000000   Number         0  stubs.o ABSOLUTE
    _printf_pre_padding                      0x00000000   Number         0  stubs.o ABSOLUTE
    _printf_return_value                     0x00000000   Number         0  stubs.o ABSOLUTE
    _printf_s                                0x00000000   Number         0  stubs.o ABSOLUTE
    _printf_sizespec                         0x00000000   Number         0  stubs.o ABSOLUTE
    _printf_str                              0x00000000   Number         0  stubs.o ABSOLUTE
    _printf_truncate_signed                  0x00000000   Number         0  stubs.o ABSOLUTE
    _printf_truncate_unsigned                0x00000000   Number         0  stubs.o ABSOLUTE
    _printf_u                                0x00000000   Number         0  stubs.o ABSOLUTE
    _printf_wc                               0x00000000   Number         0  stubs.o ABSOLUTE
    _printf_wctomb                           0x00000000   Number         0  stubs.o ABSOLUTE
    _printf_widthprec                        0x00000000   Number         0  stubs.o ABSOLUTE
    _printf_x                                0x00000000   Number         0  stubs.o ABSOLUTE
    __cpp_initialize__aeabi_                  - Undefined Weak Reference
    __cxa_finalize                            - Undefined Weak Reference
    _clock_init                               - Undefined Weak Reference
    _microlib_exit                            - Undefined Weak Reference
    __Vectors_Size                           0x00000130   Number         0  startup_stm32f10x_hd.o ABSOLUTE
    __Vectors                                0x08000000   Data           4  startup_stm32f10x_hd.o(RESET)
    __Vectors_End                            0x08000130   Data           0  startup_stm32f10x_hd.o(RESET)
    __main                                   0x08000131   Thumb Code     0  entry.o(.ARM.Collect$$$$00000000)
    _main_stk                                0x08000131   Thumb Code     0  entry2.o(.ARM.Collect$$$$00000001)
    _main_scatterload                        0x08000135   Thumb Code     0  entry5.o(.ARM.Collect$$$$00000004)
    __main_after_scatterload                 0x08000139   Thumb Code     0  entry5.o(.ARM.Collect$$$$00000004)
    _main_clock                              0x08000139   Thumb Code     0  entry7b.o(.ARM.Collect$$$$00000008)
    _main_cpp_init                           0x08000139   Thumb Code     0  entry8b.o(.ARM.Collect$$$$0000000A)
    _main_init                               0x08000139   Thumb Code     0  entry9a.o(.ARM.Collect$$$$0000000B)
    __rt_final_cpp                           0x08000141   Thumb Code     0  entry10a.o(.ARM.Collect$$$$0000000D)
    __rt_final_exit                          0x08000141   Thumb Code     0  entry11a.o(.ARM.Collect$$$$0000000F)
    Reset_Handler                            0x08000145   Thumb Code     8  startup_stm32f10x_hd.o(.text)
    ADC1_2_IRQHandler                        0x0800015f   Thumb Code     0  startup_stm32f10x_hd.o(.text)
    ADC3_IRQHandler                          0x0800015f   Thumb Code     0  startup_stm32f10x_hd.o(.text)
    CAN1_RX1_IRQHandler                      0x0800015f   Thumb Code     0  startup_stm32f10x_hd.o(.text)
    CAN1_SCE_IRQHandler                      0x0800015f   Thumb Code     0  startup_stm32f10x_hd.o(.text)
    DMA1_Channel1_IRQHandler                 0x0800015f   Thumb Code     0  startup_stm32f10x_hd.o(.text)
    DMA1_Channel2_IRQHandler                 0x0800015f   Thumb Code     0  startup_stm32f10x_hd.o(.text)
    DMA1_Channel3_IRQHandler                 0x0800015f   Thumb Code     0  startup_stm32f10x_hd.o(.text)
    DMA1_Channel4_IRQHandler                 0x0800015f   Thumb Code     0  startup_stm32f10x_hd.o(.text)
    DMA1_Channel5_IRQHandler                 0x0800015f   Thumb Code     0  startup_stm32f10x_hd.o(.text)
    DMA1_Channel6_IRQHandler                 0x0800015f   Thumb Code     0  startup_stm32f10x_hd.o(.text)
    DMA1_Channel7_IRQHandler                 0x0800015f   Thumb Code     0  startup_stm32f10x_hd.o(.text)
    DMA2_Channel1_IRQHandler                 0x0800015f   Thumb Code     0  startup_stm32f10x_hd.o(.text)
    DMA2_Channel2_IRQHandler                 0x0800015f   Thumb Code     0  startup_stm32f10x_hd.o(.text)
    DMA2_Channel3_IRQHandler                 0x0800015f   Thumb Code     0  startup_stm32f10x_hd.o(.text)
    DMA2_Channel4_5_IRQHandler               0x0800015f   Thumb Code     0  startup_stm32f10x_hd.o(.text)
    EXTI0_IRQHandler                         0x0800015f   Thumb Code     0  startup_stm32f10x_hd.o(.text)
    EXTI15_10_IRQHandler                     0x0800015f   Thumb Code     0  startup_stm32f10x_hd.o(.text)
    EXTI1_IRQHandler                         0x0800015f   Thumb Code     0  startup_stm32f10x_hd.o(.text)
    EXTI2_IRQHandler                         0x0800015f   Thumb Code     0  startup_stm32f10x_hd.o(.text)
    EXTI3_IRQHandler                         0x0800015f   Thumb Code     0  startup_stm32f10x_hd.o(.text)
    EXTI4_IRQHandler                         0x0800015f   Thumb Code     0  startup_stm32f10x_hd.o(.text)
    EXTI9_5_IRQHandler                       0x0800015f   Thumb Code     0  startup_stm32f10x_hd.o(.text)
    FLASH_IRQHandler                         0x0800015f   Thumb Code     0  startup_stm32f10x_hd.o(.text)
    FSMC_IRQHandler                          0x0800015f   Thumb Code     0  startup_stm32f10x_hd.o(.text)
    I2C1_ER_IRQHandler                       0x0800015f   Thumb Code     0  startup_stm32f10x_hd.o(.text)
    I2C1_EV_IRQHandler                       0x0800015f   Thumb Code     0  startup_stm32f10x_hd.o(.text)
    I2C2_ER_IRQHandler                       0x0800015f   Thumb Code     0  startup_stm32f10x_hd.o(.text)
    I2C2_EV_IRQHandler                       0x0800015f   Thumb Code     0  startup_stm32f10x_hd.o(.text)
    PVD_IRQHandler                           0x0800015f   Thumb Code     0  startup_stm32f10x_hd.o(.text)
    RCC_IRQHandler                           0x0800015f   Thumb Code     0  startup_stm32f10x_hd.o(.text)
    RTCAlarm_IRQHandler                      0x0800015f   Thumb Code     0  startup_stm32f10x_hd.o(.text)
    RTC_IRQHandler                           0x0800015f   Thumb Code     0  startup_stm32f10x_hd.o(.text)
    SDIO_IRQHandler                          0x0800015f   Thumb Code     0  startup_stm32f10x_hd.o(.text)
    SPI1_IRQHandler                          0x0800015f   Thumb Code     0  startup_stm32f10x_hd.o(.text)
    SPI2_IRQHandler                          0x0800015f   Thumb Code     0  startup_stm32f10x_hd.o(.text)
    SPI3_IRQHandler                          0x0800015f   Thumb Code     0  startup_stm32f10x_hd.o(.text)
    TAMPER_IRQHandler                        0x0800015f   Thumb Code     0  startup_stm32f10x_hd.o(.text)
    TIM1_BRK_IRQHandler                      0x0800015f   Thumb Code     0  startup_stm32f10x_hd.o(.text)
    TIM1_CC_IRQHandler                       0x0800015f   Thumb Code     0  startup_stm32f10x_hd.o(.text)
    TIM1_TRG_COM_IRQHandler                  0x0800015f   Thumb Code     0  startup_stm32f10x_hd.o(.text)
    TIM1_UP_IRQHandler                       0x0800015f   Thumb Code     0  startup_stm32f10x_hd.o(.text)
    TIM2_IRQHandler                          0x0800015f   Thumb Code     0  startup_stm32f10x_hd.o(.text)
    TIM5_IRQHandler                          0x0800015f   Thumb Code     0  startup_stm32f10x_hd.o(.text)
    TIM6_IRQHandler                          0x0800015f   Thumb Code     0  startup_stm32f10x_hd.o(.text)
    TIM7_IRQHandler                          0x0800015f   Thumb Code     0  startup_stm32f10x_hd.o(.text)
    TIM8_BRK_IRQHandler                      0x0800015f   Thumb Code     0  startup_stm32f10x_hd.o(.text)
    TIM8_CC_IRQHandler                       0x0800015f   Thumb Code     0  startup_stm32f10x_hd.o(.text)
    TIM8_TRG_COM_IRQHandler                  0x0800015f   Thumb Code     0  startup_stm32f10x_hd.o(.text)
    TIM8_UP_IRQHandler                       0x0800015f   Thumb Code     0  startup_stm32f10x_hd.o(.text)
    UART4_IRQHandler                         0x0800015f   Thumb Code     0  startup_stm32f10x_hd.o(.text)
    UART5_IRQHandler                         0x0800015f   Thumb Code     0  startup_stm32f10x_hd.o(.text)
    USBWakeUp_IRQHandler                     0x0800015f   Thumb Code     0  startup_stm32f10x_hd.o(.text)
    USB_HP_CAN1_TX_IRQHandler                0x0800015f   Thumb Code     0  startup_stm32f10x_hd.o(.text)
    USB_LP_CAN1_RX0_IRQHandler               0x0800015f   Thumb Code     0  startup_stm32f10x_hd.o(.text)
    WWDG_IRQHandler                          0x0800015f   Thumb Code     0  startup_stm32f10x_hd.o(.text)
    __aeabi_memcpy                           0x08000169   Thumb Code    36  memcpya.o(.text)
    __aeabi_memcpy4                          0x08000169   Thumb Code     0  memcpya.o(.text)
    __aeabi_memcpy8                          0x08000169   Thumb Code     0  memcpya.o(.text)
    __aeabi_memset                           0x0800018d   Thumb Code    14  memseta.o(.text)
    __aeabi_memset4                          0x0800018d   Thumb Code     0  memseta.o(.text)
    __aeabi_memset8                          0x0800018d   Thumb Code     0  memseta.o(.text)
    __aeabi_memclr                           0x0800019b   Thumb Code     4  memseta.o(.text)
    __aeabi_memclr4                          0x0800019b   Thumb Code     0  memseta.o(.text)
    __aeabi_memclr8                          0x0800019b   Thumb Code     0  memseta.o(.text)
    _memset$wrapper                          0x0800019f   Thumb Code    18  memseta.o(.text)
    strstr                                   0x080001b1   Thumb Code    36  strstr.o(.text)
    strlen                                   0x080001d5   Thumb Code    14  strlen.o(.text)
    __aeabi_fadd                             0x080001e3   Thumb Code   164  fadd.o(.text)
    __aeabi_fsub                             0x08000287   Thumb Code     6  fadd.o(.text)
    __aeabi_frsub                            0x0800028d   Thumb Code     6  fadd.o(.text)
    __aeabi_fmul                             0x08000293   Thumb Code   100  fmul.o(.text)
    __aeabi_fdiv                             0x080002f7   Thumb Code   124  fdiv.o(.text)
    __aeabi_dadd                             0x08000373   Thumb Code   322  dadd.o(.text)
    __aeabi_dsub                             0x080004b5   Thumb Code     6  dadd.o(.text)
    __aeabi_drsub                            0x080004bb   Thumb Code     6  dadd.o(.text)
    __aeabi_dmul                             0x080004c1   Thumb Code   228  dmul.o(.text)
    __aeabi_ddiv                             0x080005a5   Thumb Code   222  ddiv.o(.text)
    __aeabi_ui2f                             0x08000683   Thumb Code    10  ffltui.o(.text)
    __aeabi_f2iz                             0x0800068d   Thumb Code    50  ffixi.o(.text)
    __aeabi_uidiv                            0x080006bf   Thumb Code     0  uidiv.o(.text)
    __aeabi_uidivmod                         0x080006bf   Thumb Code    44  uidiv.o(.text)
    __aeabi_uldivmod                         0x080006eb   Thumb Code    98  uldiv.o(.text)
    __aeabi_llsl                             0x0800074d   Thumb Code    30  llshl.o(.text)
    _ll_shift_l                              0x0800074d   Thumb Code     0  llshl.o(.text)
    __aeabi_lasr                             0x0800076b   Thumb Code    36  llsshr.o(.text)
    _ll_sshift_r                             0x0800076b   Thumb Code     0  llsshr.o(.text)
    __I$use$fp                               0x0800078f   Thumb Code     0  iusefp.o(.text)
    _float_round                             0x0800078f   Thumb Code    18  fepilogue.o(.text)
    _float_epilogue                          0x080007a1   Thumb Code    92  fepilogue.o(.text)
    _double_round                            0x080007fd   Thumb Code    30  depilogue.o(.text)
    _double_epilogue                         0x0800081b   Thumb Code   156  depilogue.o(.text)
    __aeabi_d2ulz                            0x080008b7   Thumb Code    48  dfixul.o(.text)
    __aeabi_cdrcmple                         0x080008e9   Thumb Code    48  cdrcmple.o(.text)
    __scatterload                            0x08000919   Thumb Code    28  init.o(.text)
    __scatterload_rt2                        0x08000919   Thumb Code     0  init.o(.text)
    __aeabi_llsr                             0x0800093d   Thumb Code    32  llushr.o(.text)
    _ll_ushift_r                             0x0800093d   Thumb Code     0  llushr.o(.text)
    __decompress                             0x0800095d   Thumb Code     0  __dczerorl2.o(.text)
    __decompress1                            0x0800095d   Thumb Code    86  __dczerorl2.o(.text)
    ADC_Cmd                                  0x080009b3   Thumb Code    22  stm32f10x_adc.o(i.ADC_Cmd)
    ADC_DeInit                               0x080009c9   Thumb Code    78  stm32f10x_adc.o(i.ADC_DeInit)
    ADC_GetCalibrationStatus                 0x08000a25   Thumb Code    20  stm32f10x_adc.o(i.ADC_GetCalibrationStatus)
    ADC_GetConversionValue                   0x08000a39   Thumb Code     8  stm32f10x_adc.o(i.ADC_GetConversionValue)
    ADC_GetFlagStatus                        0x08000a41   Thumb Code    18  stm32f10x_adc.o(i.ADC_GetFlagStatus)
    ADC_GetResetCalibrationStatus            0x08000a53   Thumb Code    20  stm32f10x_adc.o(i.ADC_GetResetCalibrationStatus)
    ADC_Init                                 0x08000a69   Thumb Code    70  stm32f10x_adc.o(i.ADC_Init)
    ADC_RegularChannelConfig                 0x08000ab9   Thumb Code   184  stm32f10x_adc.o(i.ADC_RegularChannelConfig)
    ADC_ResetCalibration                     0x08000b71   Thumb Code    10  stm32f10x_adc.o(i.ADC_ResetCalibration)
    ADC_SoftwareStartConvCmd                 0x08000b7b   Thumb Code    22  stm32f10x_adc.o(i.ADC_SoftwareStartConvCmd)
    ADC_StartCalibration                     0x08000b91   Thumb Code    10  stm32f10x_adc.o(i.ADC_StartCalibration)
    ALi_ESP8266_GPIO_Init                    0x08000b9b   Thumb Code    16  wifi.o(i.ALi_ESP8266_GPIO_Init)
    Adc_Init                                 0x08000bad   Thumb Code   132  adc.o(i.Adc_Init)
    Adc_Init1                                0x08000c39   Thumb Code   132  adc.o(i.Adc_Init1)
    Adc_Init2                                0x08000cc5   Thumb Code   132  adc.o(i.Adc_Init2)
    AliIoT_Parameter_Init                    0x08000d51   Thumb Code   158  mqtt.o(i.AliIoT_Parameter_Init)
    BusFault_Handler                         0x08000ec9   Thumb Code     4  stm32f10x_it.o(i.BusFault_Handler)
    CMDBuf_Deal                              0x08000ecd   Thumb Code    96  mqtt.o(i.CMDBuf_Deal)
    DHT11_Check                              0x08000f39   Thumb Code    92  dht11.o(i.DHT11_Check)
    DHT11_Init                               0x08000f9d   Thumb Code    58  dht11.o(i.DHT11_Init)
    DHT11_Read_Bit                           0x08000fdd   Thumb Code    70  dht11.o(i.DHT11_Read_Bit)
    DHT11_Read_Byte                          0x08001029   Thumb Code    30  dht11.o(i.DHT11_Read_Byte)
    DHT11_Read_Data                          0x08001047   Thumb Code    88  dht11.o(i.DHT11_Read_Data)
    DHT11_Rst                                0x080010a1   Thumb Code    52  dht11.o(i.DHT11_Rst)
    DebugMon_Handler                         0x080010e1   Thumb Code     2  stm32f10x_it.o(i.DebugMon_Handler)
    GPIO_Init                                0x080010e3   Thumb Code   278  stm32f10x_gpio.o(i.GPIO_Init)
    GPIO_ReadInputDataBit                    0x080011f9   Thumb Code    18  stm32f10x_gpio.o(i.GPIO_ReadInputDataBit)
    GPIO_SetBits                             0x0800120b   Thumb Code     4  stm32f10x_gpio.o(i.GPIO_SetBits)
    GPIO_WriteBit                            0x0800120f   Thumb Code    10  stm32f10x_gpio.o(i.GPIO_WriteBit)
    Get_Adc                                  0x08001219   Thumb Code    46  adc.o(i.Get_Adc)
    Get_Adc_Average                          0x0800124d   Thumb Code    46  adc.o(i.Get_Adc_Average)
    Get_adc                                  0x0800127d   Thumb Code    46  adc.o(i.Get_adc)
    Get_adc1                                 0x080012b1   Thumb Code    60  adc.o(i.Get_adc1)
    Get_adc2                                 0x080012f1   Thumb Code    46  adc.o(i.Get_adc2)
    HardFault_Handler                        0x08001325   Thumb Code     4  stm32f10x_it.o(i.HardFault_Handler)
    I2C_CheckEvent                           0x08001329   Thumb Code    42  stm32f10x_i2c.o(i.I2C_CheckEvent)
    I2C_Cmd                                  0x08001353   Thumb Code    24  stm32f10x_i2c.o(i.I2C_Cmd)
    I2C_Configuration                        0x0800136d   Thumb Code   110  oled_i2c.o(i.I2C_Configuration)
    I2C_DeInit                               0x080013e9   Thumb Code    50  stm32f10x_i2c.o(i.I2C_DeInit)
    I2C_GenerateSTART                        0x08001421   Thumb Code    24  stm32f10x_i2c.o(i.I2C_GenerateSTART)
    I2C_GenerateSTOP                         0x08001439   Thumb Code    24  stm32f10x_i2c.o(i.I2C_GenerateSTOP)
    I2C_GetFlagStatus                        0x08001451   Thumb Code    58  stm32f10x_i2c.o(i.I2C_GetFlagStatus)
    I2C_Init                                 0x0800148d   Thumb Code   222  stm32f10x_i2c.o(i.I2C_Init)
    I2C_Send7bitAddress                      0x08001579   Thumb Code    18  stm32f10x_i2c.o(i.I2C_Send7bitAddress)
    I2C_SendData                             0x0800158b   Thumb Code     4  stm32f10x_i2c.o(i.I2C_SendData)
    I2C_WriteByte                            0x08001591   Thumb Code   124  oled_i2c.o(i.I2C_WriteByte)
    KEY1_Init                                0x08001619   Thumb Code    34  key.o(i.KEY1_Init)
    KEY_Scan                                 0x08001641   Thumb Code   202  key.o(i.KEY_Scan)
    Led1_init                                0x08001715   Thumb Code    38  beep_led_relay.o(i.Led1_init)
    MQTT_Buff_Init                           0x08001741   Thumb Code    80  mqtt.o(i.MQTT_Buff_Init)
    MQTT_Buff_ReInit                         0x080017dd   Thumb Code   172  mqtt.o(i.MQTT_Buff_ReInit)
    MQTT_ConectPack                          0x080018e1   Thumb Code   496  mqtt.o(i.MQTT_ConectPack)
    MQTT_DealPushdata_Qs0                    0x08001af9   Thumb Code   230  mqtt.o(i.MQTT_DealPushdata_Qs0)
    MQTT_PingREQ                             0x08001be1   Thumb Code    22  mqtt.o(i.MQTT_PingREQ)
    MQTT_PublishQs0                          0x08001bfd   Thumb Code   220  mqtt.o(i.MQTT_PublishQs0)
    MQTT_Subscribe                           0x08001ce9   Thumb Code   134  mqtt.o(i.MQTT_Subscribe)
    MemManage_Handler                        0x08001d81   Thumb Code     4  stm32f10x_it.o(i.MemManage_Handler)
    NMI_Handler                              0x08001d85   Thumb Code     2  stm32f10x_it.o(i.NMI_Handler)
    NVIC_Init                                0x08001d89   Thumb Code   100  misc.o(i.NVIC_Init)
    NVIC_PriorityGroupConfig                 0x08001df9   Thumb Code    10  misc.o(i.NVIC_PriorityGroupConfig)
    OLED_CLS                                 0x08001e0d   Thumb Code    10  oled_i2c.o(i.OLED_CLS)
    OLED_Display_Cotrol                      0x08001e19   Thumb Code  2726  control_report_to_police.o(i.OLED_Display_Cotrol)
    OLED_Fill                                0x08002901   Thumb Code    58  oled_i2c.o(i.OLED_Fill)
    OLED_Init                                0x0800293b   Thumb Code   182  oled_i2c.o(i.OLED_Init)
    OLED_SetPos                              0x080029f1   Thumb Code    40  oled_i2c.o(i.OLED_SetPos)
    OLED_ShowCN                              0x08002a19   Thumb Code    80  oled_i2c.o(i.OLED_ShowCN)
    OLED_ShowStr                             0x08002a6d   Thumb Code   228  oled_i2c.o(i.OLED_ShowStr)
    PendSV_Handler                           0x08002b59   Thumb Code     2  stm32f10x_it.o(i.PendSV_Handler)
    RCC_ADCCLKConfig                         0x08002b5d   Thumb Code    18  stm32f10x_rcc.o(i.RCC_ADCCLKConfig)
    RCC_APB1PeriphClockCmd                   0x08002b75   Thumb Code    26  stm32f10x_rcc.o(i.RCC_APB1PeriphClockCmd)
    RCC_APB1PeriphResetCmd                   0x08002b95   Thumb Code    26  stm32f10x_rcc.o(i.RCC_APB1PeriphResetCmd)
    RCC_APB2PeriphClockCmd                   0x08002bb5   Thumb Code    26  stm32f10x_rcc.o(i.RCC_APB2PeriphClockCmd)
    RCC_APB2PeriphResetCmd                   0x08002bd5   Thumb Code    26  stm32f10x_rcc.o(i.RCC_APB2PeriphResetCmd)
    RCC_GetClocksFreq                        0x08002bf5   Thumb Code   192  stm32f10x_rcc.o(i.RCC_GetClocksFreq)
    Relay_init                               0x08002cc9   Thumb Code    40  beep_led_relay.o(i.Relay_init)
    SVC_Handler                              0x08002cf5   Thumb Code     2  stm32f10x_it.o(i.SVC_Handler)
    SysTick_CLKSourceConfig                  0x08002de1   Thumb Code    40  misc.o(i.SysTick_CLKSourceConfig)
    SysTick_Handler                          0x08002e09   Thumb Code     2  stm32f10x_it.o(i.SysTick_Handler)
    SystemInit                               0x08002e0d   Thumb Code    78  system_stm32f10x.o(i.SystemInit)
    TIM3_ENABLE_2S                           0x08002e6d   Thumb Code   116  timer3.o(i.TIM3_ENABLE_2S)
    TIM3_ENABLE_30S                          0x08002ee5   Thumb Code   114  timer3.o(i.TIM3_ENABLE_30S)
    TIM3_IRQHandler                          0x08002f5d   Thumb Code    94  timer3.o(i.TIM3_IRQHandler)
    TIM4_IRQHandler                          0x08002fc9   Thumb Code   140  timer4.o(i.TIM4_IRQHandler)
    TIM4_Init                                0x08003071   Thumb Code   106  timer4.o(i.TIM4_Init)
    TIM_ClearITPendingBit                    0x080030e1   Thumb Code     6  stm32f10x_tim.o(i.TIM_ClearITPendingBit)
    TIM_Cmd                                  0x080030e7   Thumb Code    24  stm32f10x_tim.o(i.TIM_Cmd)
    TIM_DeInit                               0x08003101   Thumb Code   424  stm32f10x_tim.o(i.TIM_DeInit)
    TIM_GetITStatus                          0x080032e9   Thumb Code    34  stm32f10x_tim.o(i.TIM_GetITStatus)
    TIM_ITConfig                             0x0800330b   Thumb Code    18  stm32f10x_tim.o(i.TIM_ITConfig)
    TIM_SetCounter                           0x0800331d   Thumb Code     4  stm32f10x_tim.o(i.TIM_SetCounter)
    TIM_TimeBaseInit                         0x08003321   Thumb Code   122  stm32f10x_tim.o(i.TIM_TimeBaseInit)
    TxDataBuf_Deal                           0x080033c5   Thumb Code    86  mqtt.o(i.TxDataBuf_Deal)
    USART1_IRQHandler                        0x08003429   Thumb Code   110  usart .o(i.USART1_IRQHandler)
    USART2_IRQHandler                        0x080034a9   Thumb Code   104  usart2.o(i.USART2_IRQHandler)
    USART3_IRQHandler                        0x08003525   Thumb Code   110  usart3.o(i.USART3_IRQHandler)
    USART_ClearFlag                          0x080035a5   Thumb Code    18  stm32f10x_usart.o(i.USART_ClearFlag)
    USART_Cmd                                0x080035b7   Thumb Code    24  stm32f10x_usart.o(i.USART_Cmd)
    USART_DeInit                             0x080035d1   Thumb Code   134  stm32f10x_usart.o(i.USART_DeInit)
    USART_GetFlagStatus                      0x0800366d   Thumb Code    26  stm32f10x_usart.o(i.USART_GetFlagStatus)
    USART_GetITStatus                        0x08003687   Thumb Code    84  stm32f10x_usart.o(i.USART_GetITStatus)
    USART_ITConfig                           0x080036db   Thumb Code    74  stm32f10x_usart.o(i.USART_ITConfig)
    USART_Init                               0x08003725   Thumb Code   210  stm32f10x_usart.o(i.USART_Init)
    USART_ReceiveData                        0x080037fd   Thumb Code    10  stm32f10x_usart.o(i.USART_ReceiveData)
    USART_SendData                           0x08003807   Thumb Code     8  stm32f10x_usart.o(i.USART_SendData)
    Uart2_GPIO_Init                          0x08003811   Thumb Code    58  usart2.o(i.Uart2_GPIO_Init)
    UsageFault_Handler                       0x08003851   Thumb Code     4  stm32f10x_it.o(i.UsageFault_Handler)
    Usart2_Init                              0x08003855   Thumb Code    16  usart2.o(i.Usart2_Init)
    Usart2_Usart_Init                        0x08003865   Thumb Code   122  usart2.o(i.Usart2_Usart_Init)
    WiFi_Connect_IoTServer                   0x080038e5   Thumb Code   104  wifi.o(i.WiFi_Connect_IoTServer)
    WiFi_Connect_Server                      0x08003989   Thumb Code   158  wifi.o(i.WiFi_Connect_Server)
    WiFi_JoinAP                              0x08003a95   Thumb Code    72  wifi.o(i.WiFi_JoinAP)
    WiFi_Reset                               0x08003b15   Thumb Code    76  wifi.o(i.WiFi_Reset)
    WiFi_ResetIO_Init                        0x08003b71   Thumb Code    50  wifi.o(i.WiFi_ResetIO_Init)
    WiFi_SendCmd                             0x08003ba9   Thumb Code    70  wifi.o(i.WiFi_SendCmd)
    WriteCmd                                 0x08003c05   Thumb Code    14  oled_i2c.o(i.WriteCmd)
    WriteDat                                 0x08003c13   Thumb Code    14  oled_i2c.o(i.WriteDat)
    __0sprintf$3                             0x08003c21   Thumb Code    34  printf3.o(i.__0sprintf$3)
    __1sprintf$3                             0x08003c21   Thumb Code     0  printf3.o(i.__0sprintf$3)
    __2sprintf                               0x08003c21   Thumb Code     0  printf3.o(i.__0sprintf$3)
    __0vsprintf                              0x08003c49   Thumb Code    30  printfa.o(i.__0vsprintf)
    __1vsprintf                              0x08003c49   Thumb Code     0  printfa.o(i.__0vsprintf)
    __2vsprintf                              0x08003c49   Thumb Code     0  printfa.o(i.__0vsprintf)
    __c89vsprintf                            0x08003c49   Thumb Code     0  printfa.o(i.__0vsprintf)
    vsprintf                                 0x08003c49   Thumb Code     0  printfa.o(i.__0vsprintf)
    __scatterload_copy                       0x08003c6d   Thumb Code    14  handlers.o(i.__scatterload_copy)
    __scatterload_null                       0x08003c7b   Thumb Code     2  handlers.o(i.__scatterload_null)
    __scatterload_zeroinit                   0x08003c7d   Thumb Code    14  handlers.o(i.__scatterload_zeroinit)
    delay_init                               0x0800470d   Thumb Code    50  delay.o(i.delay_init)
    delay_ms                                 0x08004751   Thumb Code    72  delay.o(i.delay_ms)
    delay_us                                 0x0800479d   Thumb Code    72  delay.o(i.delay_us)
    isSubstring                              0x080047e9   Thumb Code    74  control_report_to_police.o(i.isSubstring)
    main                                     0x08004833   Thumb Code    86  main.o(i.main)
    send_data                                0x08004889   Thumb Code   138  mqtt.o(i.send_data)
    u2_TxData                                0x08004951   Thumb Code    58  usart2.o(i.u2_TxData)
    u2_printf                                0x08004991   Thumb Code    72  usart2.o(i.u2_printf)
    utils_hb2hex                             0x080049e1   Thumb Code    24  utils_md5.o(i.utils_hb2hex)
    utils_hmac_sha1                          0x080049f9   Thumb Code   232  utils_hmac.o(i.utils_hmac_sha1)
    utils_sha1_finish                        0x08004ae1   Thumb Code   228  utils_sha1.o(i.utils_sha1_finish)
    utils_sha1_init                          0x08004bc9   Thumb Code    14  utils_sha1.o(i.utils_sha1_init)
    utils_sha1_process                       0x08004bd9   Thumb Code  6420  utils_sha1.o(i.utils_sha1_process)
    utils_sha1_starts                        0x080064f5   Thumb Code    30  utils_sha1.o(i.utils_sha1_starts)
    utils_sha1_update                        0x08006521   Thumb Code   124  utils_sha1.o(i.utils_sha1_update)
    F6x8                                     0x0800659c   Data         552  oled_i2c.o(.constdata)
    F8X16                                    0x080067c4   Data        1520  oled_i2c.o(.constdata)
    Region$$Table$$Base                      0x08006eac   Number         0  anon$$obj.o(Region$$Table)
    Region$$Table$$Limit                     0x08006ecc   Number         0  anon$$obj.o(Region$$Table)
    SystemCoreClock                          0x20000000   Data           4  system_stm32f10x.o(.data)
    AHBPrescTable                            0x20000004   Data          16  system_stm32f10x.o(.data)
    F16x16                                   0x2000001c   Data         896  oled_i2c.o(.data)
    BMP1                                     0x2000039c   Data        1024  oled_i2c.o(.data)
    Servor_CPWM_Set_Buffer                   0x2000079c   Data          18  control_report_to_police.o(.data)
    point1                                   0x20000800   Data           2  usart .o(.data)
    __stdout                                 0x20000804   Data           4  usart .o(.data)
    point2                                   0x20000808   Data           2  usart2.o(.data)
    esp8266_cnt                              0x2000080a   Data           2  usart2.o(.data)
    esp8266_cntPre                           0x2000080c   Data           2  usart2.o(.data)
    point3                                   0x2000080e   Data           2  usart3.o(.data)
    MQTT_RxDataInPtr                         0x20000824   Data           4  mqtt.o(.data)
    MQTT_RxDataOutPtr                        0x20000828   Data           4  mqtt.o(.data)
    MQTT_RxDataEndPtr                        0x2000082c   Data           4  mqtt.o(.data)
    MQTT_TxDataInPtr                         0x20000830   Data           4  mqtt.o(.data)
    MQTT_TxDataOutPtr                        0x20000834   Data           4  mqtt.o(.data)
    MQTT_TxDataEndPtr                        0x20000838   Data           4  mqtt.o(.data)
    MQTT_CMDInPtr                            0x2000083c   Data           4  mqtt.o(.data)
    MQTT_CMDOutPtr                           0x20000840   Data           4  mqtt.o(.data)
    MQTT_CMDEndPtr                           0x20000844   Data           4  mqtt.o(.data)
    ClientID_len                             0x20000848   Data           4  mqtt.o(.data)
    Username_len                             0x2000084c   Data           4  mqtt.o(.data)
    Passward_len                             0x20000850   Data           4  mqtt.o(.data)
    ServerPort                               0x20000854   Data           4  mqtt.o(.data)
    Fixed_len                                0x20000858   Data           4  mqtt.o(.data)
    Variable_len                             0x2000085c   Data           4  mqtt.o(.data)
    Payload_len                              0x20000860   Data           4  mqtt.o(.data)
    pingFlag                                 0x20000864   Data           1  mqtt.o(.data)
    connectFlag                              0x20000865   Data           1  mqtt.o(.data)
    connectPackFlag                          0x20000866   Data           1  mqtt.o(.data)
    subcribePackFlag                         0x20000867   Data           1  mqtt.o(.data)
    wifi_mode                                0x20000868   Data           1  wifi.o(.data)
    USART_RX_BUF                             0x20000870   Data         200  usart .o(.bss)
    Uart1_Zigee_Slave_Receive_Data_Buffer    0x20000938   Data         200  usart .o(.bss)
    USART1_TX_BUF                            0x20000a00   Data         600  usart .o(.bss)
    USART2_RX_BUF                            0x20000c58   Data         200  usart2.o(.bss)
    Uart2_Zigee_Slave_Receive_Data_Buffer    0x20000d20   Data         200  usart2.o(.bss)
    esp8266_buf                              0x20000de8   Data         512  usart2.o(.bss)
    USART2_TX_BUF                            0x20000fe8   Data         600  usart2.o(.bss)
    USART3_RX_BUF                            0x20001240   Data         200  usart3.o(.bss)
    Uart3_Zigee_Slave_Receive_Data_Buffer    0x20001308   Data         200  usart3.o(.bss)
    USART3_TX_BUF                            0x200013d0   Data         600  usart3.o(.bss)
    MQTT_RxDataBuf                           0x20001628   Data        4096  mqtt.o(.bss)
    MQTT_TxDataBuf                           0x20002628   Data        4096  mqtt.o(.bss)
    MQTT_CMDBuf                              0x20003628   Data        4096  mqtt.o(.bss)
    ClientID                                 0x20004628   Data         128  mqtt.o(.bss)
    Username                                 0x200046a8   Data         128  mqtt.o(.bss)
    Passward                                 0x20004728   Data         128  mqtt.o(.bss)
    ServerIP                                 0x200047a8   Data         128  mqtt.o(.bss)
    temp_buff                                0x20004828   Data         512  mqtt.o(.bss)
    __initial_sp                             0x20004e28   Data           0  startup_stm32f10x_hd.o(STACK)



==============================================================================

Memory Map of the image

  Image Entry point : 0x08000145

  Load Region LR_1 (Base: 0x08000000, Size: 0x00007738, Max: 0xffffffff, ABSOLUTE, COMPRESSED[0x000072e0])

    Execution Region ER_RO (Exec base: 0x08000000, Load base: 0x08000000, Size: 0x00006ecc, Max: 0xffffffff, ABSOLUTE)

    Exec Addr    Load Addr    Size         Type   Attr      Idx    E Section Name        Object

    0x08000000   0x08000000   0x00000130   Data   RO         1228    RESET               startup_stm32f10x_hd.o
    0x08000130   0x08000130   0x00000000   Code   RO         4900  * .ARM.Collect$$$$00000000  mc_w.l(entry.o)
    0x08000130   0x08000130   0x00000004   Code   RO         5259    .ARM.Collect$$$$00000001  mc_w.l(entry2.o)
    0x08000134   0x08000134   0x00000004   Code   RO         5262    .ARM.Collect$$$$00000004  mc_w.l(entry5.o)
    0x08000138   0x08000138   0x00000000   Code   RO         5264    .ARM.Collect$$$$00000008  mc_w.l(entry7b.o)
    0x08000138   0x08000138   0x00000000   Code   RO         5266    .ARM.Collect$$$$0000000A  mc_w.l(entry8b.o)
    0x08000138   0x08000138   0x00000008   Code   RO         5267    .ARM.Collect$$$$0000000B  mc_w.l(entry9a.o)
    0x08000140   0x08000140   0x00000000   Code   RO         5269    .ARM.Collect$$$$0000000D  mc_w.l(entry10a.o)
    0x08000140   0x08000140   0x00000000   Code   RO         5271    .ARM.Collect$$$$0000000F  mc_w.l(entry11a.o)
    0x08000140   0x08000140   0x00000004   Code   RO         5260    .ARM.Collect$$$$00002712  mc_w.l(entry2.o)
    0x08000144   0x08000144   0x00000024   Code   RO         1229  * .text               startup_stm32f10x_hd.o
    0x08000168   0x08000168   0x00000024   Code   RO         4903    .text               mc_w.l(memcpya.o)
    0x0800018c   0x0800018c   0x00000024   Code   RO         4905    .text               mc_w.l(memseta.o)
    0x080001b0   0x080001b0   0x00000024   Code   RO         4909    .text               mc_w.l(strstr.o)
    0x080001d4   0x080001d4   0x0000000e   Code   RO         4913    .text               mc_w.l(strlen.o)
    0x080001e2   0x080001e2   0x000000b0   Code   RO         5212    .text               mf_w.l(fadd.o)
    0x08000292   0x08000292   0x00000064   Code   RO         5214    .text               mf_w.l(fmul.o)
    0x080002f6   0x080002f6   0x0000007c   Code   RO         5216    .text               mf_w.l(fdiv.o)
    0x08000372   0x08000372   0x0000014e   Code   RO         5218    .text               mf_w.l(dadd.o)
    0x080004c0   0x080004c0   0x000000e4   Code   RO         5220    .text               mf_w.l(dmul.o)
    0x080005a4   0x080005a4   0x000000de   Code   RO         5222    .text               mf_w.l(ddiv.o)
    0x08000682   0x08000682   0x0000000a   Code   RO         5224    .text               mf_w.l(ffltui.o)
    0x0800068c   0x0800068c   0x00000032   Code   RO         5226    .text               mf_w.l(ffixi.o)
    0x080006be   0x080006be   0x0000002c   Code   RO         5273    .text               mc_w.l(uidiv.o)
    0x080006ea   0x080006ea   0x00000062   Code   RO         5275    .text               mc_w.l(uldiv.o)
    0x0800074c   0x0800074c   0x0000001e   Code   RO         5277    .text               mc_w.l(llshl.o)
    0x0800076a   0x0800076a   0x00000024   Code   RO         5279    .text               mc_w.l(llsshr.o)
    0x0800078e   0x0800078e   0x00000000   Code   RO         5292    .text               mc_w.l(iusefp.o)
    0x0800078e   0x0800078e   0x0000006e   Code   RO         5293    .text               mf_w.l(fepilogue.o)
    0x080007fc   0x080007fc   0x000000ba   Code   RO         5295    .text               mf_w.l(depilogue.o)
    0x080008b6   0x080008b6   0x00000030   Code   RO         5301    .text               mf_w.l(dfixul.o)
    0x080008e6   0x080008e6   0x00000002   PAD
    0x080008e8   0x080008e8   0x00000030   Code   RO         5303    .text               mf_w.l(cdrcmple.o)
    0x08000918   0x08000918   0x00000024   Code   RO         5305    .text               mc_w.l(init.o)
    0x0800093c   0x0800093c   0x00000020   Code   RO         5307    .text               mc_w.l(llushr.o)
    0x0800095c   0x0800095c   0x00000056   Code   RO         5353    .text               mc_w.l(__dczerorl2.o)
    0x080009b2   0x080009b2   0x00000016   Code   RO         1275    i.ADC_Cmd           stm32f10x_adc.o
    0x080009c8   0x080009c8   0x0000005c   Code   RO         1277    i.ADC_DeInit        stm32f10x_adc.o
    0x08000a24   0x08000a24   0x00000014   Code   RO         1283    i.ADC_GetCalibrationStatus  stm32f10x_adc.o
    0x08000a38   0x08000a38   0x00000008   Code   RO         1284    i.ADC_GetConversionValue  stm32f10x_adc.o
    0x08000a40   0x08000a40   0x00000012   Code   RO         1286    i.ADC_GetFlagStatus  stm32f10x_adc.o
    0x08000a52   0x08000a52   0x00000014   Code   RO         1289    i.ADC_GetResetCalibrationStatus  stm32f10x_adc.o
    0x08000a66   0x08000a66   0x00000002   PAD
    0x08000a68   0x08000a68   0x00000050   Code   RO         1293    i.ADC_Init          stm32f10x_adc.o
    0x08000ab8   0x08000ab8   0x000000b8   Code   RO         1297    i.ADC_RegularChannelConfig  stm32f10x_adc.o
    0x08000b70   0x08000b70   0x0000000a   Code   RO         1298    i.ADC_ResetCalibration  stm32f10x_adc.o
    0x08000b7a   0x08000b7a   0x00000016   Code   RO         1300    i.ADC_SoftwareStartConvCmd  stm32f10x_adc.o
    0x08000b90   0x08000b90   0x0000000a   Code   RO         1302    i.ADC_StartCalibration  stm32f10x_adc.o
    0x08000b9a   0x08000b9a   0x00000010   Code   RO         4661    i.ALi_ESP8266_GPIO_Init  wifi.o
    0x08000baa   0x08000baa   0x00000002   PAD
    0x08000bac   0x08000bac   0x0000008c   Code   RO         1116    i.Adc_Init          adc.o
    0x08000c38   0x08000c38   0x0000008c   Code   RO         1117    i.Adc_Init1         adc.o
    0x08000cc4   0x08000cc4   0x0000008c   Code   RO         1118    i.Adc_Init2         adc.o
    0x08000d50   0x08000d50   0x00000178   Code   RO         4577    i.AliIoT_Parameter_Init  mqtt.o
    0x08000ec8   0x08000ec8   0x00000004   Code   RO          255    i.BusFault_Handler  stm32f10x_it.o
    0x08000ecc   0x08000ecc   0x0000006c   Code   RO         4578    i.CMDBuf_Deal       mqtt.o
    0x08000f38   0x08000f38   0x00000064   Code   RO          613    i.DHT11_Check       dht11.o
    0x08000f9c   0x08000f9c   0x00000040   Code   RO          614    i.DHT11_Init        dht11.o
    0x08000fdc   0x08000fdc   0x0000004c   Code   RO          615    i.DHT11_Read_Bit    dht11.o
    0x08001028   0x08001028   0x0000001e   Code   RO          616    i.DHT11_Read_Byte   dht11.o
    0x08001046   0x08001046   0x00000058   Code   RO          617    i.DHT11_Read_Data   dht11.o
    0x0800109e   0x0800109e   0x00000002   PAD
    0x080010a0   0x080010a0   0x00000040   Code   RO          618    i.DHT11_Rst         dht11.o
    0x080010e0   0x080010e0   0x00000002   Code   RO          256    i.DebugMon_Handler  stm32f10x_it.o
    0x080010e2   0x080010e2   0x00000116   Code   RO         2384    i.GPIO_Init         stm32f10x_gpio.o
    0x080011f8   0x080011f8   0x00000012   Code   RO         2388    i.GPIO_ReadInputDataBit  stm32f10x_gpio.o
    0x0800120a   0x0800120a   0x00000004   Code   RO         2392    i.GPIO_SetBits      stm32f10x_gpio.o
    0x0800120e   0x0800120e   0x0000000a   Code   RO         2395    i.GPIO_WriteBit     stm32f10x_gpio.o
    0x08001218   0x08001218   0x00000034   Code   RO         1121    i.Get_Adc           adc.o
    0x0800124c   0x0800124c   0x0000002e   Code   RO         1122    i.Get_Adc_Average   adc.o
    0x0800127a   0x0800127a   0x00000002   PAD
    0x0800127c   0x0800127c   0x00000034   Code   RO         1126    i.Get_adc           adc.o
    0x080012b0   0x080012b0   0x00000040   Code   RO         1127    i.Get_adc1          adc.o
    0x080012f0   0x080012f0   0x00000034   Code   RO         1128    i.Get_adc2          adc.o
    0x08001324   0x08001324   0x00000004   Code   RO          257    i.HardFault_Handler  stm32f10x_it.o
    0x08001328   0x08001328   0x0000002a   Code   RO         2495    i.I2C_CheckEvent    stm32f10x_i2c.o
    0x08001352   0x08001352   0x00000018   Code   RO         2498    i.I2C_Cmd           stm32f10x_i2c.o
    0x0800136a   0x0800136a   0x00000002   PAD
    0x0800136c   0x0800136c   0x0000007c   Code   RO          476    i.I2C_Configuration  oled_i2c.o
    0x080013e8   0x080013e8   0x00000038   Code   RO         2501    i.I2C_DeInit        stm32f10x_i2c.o
    0x08001420   0x08001420   0x00000018   Code   RO         2505    i.I2C_GenerateSTART  stm32f10x_i2c.o
    0x08001438   0x08001438   0x00000018   Code   RO         2506    i.I2C_GenerateSTOP  stm32f10x_i2c.o
    0x08001450   0x08001450   0x0000003a   Code   RO         2507    i.I2C_GetFlagStatus  stm32f10x_i2c.o
    0x0800148a   0x0800148a   0x00000002   PAD
    0x0800148c   0x0800148c   0x000000ec   Code   RO         2512    i.I2C_Init          stm32f10x_i2c.o
    0x08001578   0x08001578   0x00000012   Code   RO         2519    i.I2C_Send7bitAddress  stm32f10x_i2c.o
    0x0800158a   0x0800158a   0x00000004   Code   RO         2520    i.I2C_SendData      stm32f10x_i2c.o
    0x0800158e   0x0800158e   0x00000002   PAD
    0x08001590   0x08001590   0x00000088   Code   RO          477    i.I2C_WriteByte     oled_i2c.o
    0x08001618   0x08001618   0x00000028   Code   RO          433    i.KEY1_Init         key.o
    0x08001640   0x08001640   0x000000d4   Code   RO          434    i.KEY_Scan          key.o
    0x08001714   0x08001714   0x0000002c   Code   RO          565    i.Led1_init         beep_led_relay.o
    0x08001740   0x08001740   0x0000009c   Code   RO         4579    i.MQTT_Buff_Init    mqtt.o
    0x080017dc   0x080017dc   0x00000104   Code   RO         4580    i.MQTT_Buff_ReInit  mqtt.o
    0x080018e0   0x080018e0   0x00000218   Code   RO         4581    i.MQTT_ConectPack   mqtt.o
    0x08001af8   0x08001af8   0x000000e6   Code   RO         4582    i.MQTT_DealPushdata_Qs0  mqtt.o
    0x08001bde   0x08001bde   0x00000002   PAD
    0x08001be0   0x08001be0   0x0000001c   Code   RO         4583    i.MQTT_PingREQ      mqtt.o
    0x08001bfc   0x08001bfc   0x000000ec   Code   RO         4584    i.MQTT_PublishQs0   mqtt.o
    0x08001ce8   0x08001ce8   0x00000098   Code   RO         4585    i.MQTT_Subscribe    mqtt.o
    0x08001d80   0x08001d80   0x00000004   Code   RO          258    i.MemManage_Handler  stm32f10x_it.o
    0x08001d84   0x08001d84   0x00000002   Code   RO          259    i.NMI_Handler       stm32f10x_it.o
    0x08001d86   0x08001d86   0x00000002   PAD
    0x08001d88   0x08001d88   0x00000070   Code   RO         1233    i.NVIC_Init         misc.o
    0x08001df8   0x08001df8   0x00000014   Code   RO         1234    i.NVIC_PriorityGroupConfig  misc.o
    0x08001e0c   0x08001e0c   0x0000000a   Code   RO          478    i.OLED_CLS          oled_i2c.o
    0x08001e16   0x08001e16   0x00000002   PAD
    0x08001e18   0x08001e18   0x00000ae8   Code   RO          583    i.OLED_Display_Cotrol  control_report_to_police.o
    0x08002900   0x08002900   0x0000003a   Code   RO          480    i.OLED_Fill         oled_i2c.o
    0x0800293a   0x0800293a   0x000000b6   Code   RO          481    i.OLED_Init         oled_i2c.o
    0x080029f0   0x080029f0   0x00000028   Code   RO          484    i.OLED_SetPos       oled_i2c.o
    0x08002a18   0x08002a18   0x00000054   Code   RO          485    i.OLED_ShowCN       oled_i2c.o
    0x08002a6c   0x08002a6c   0x000000ec   Code   RO          486    i.OLED_ShowStr      oled_i2c.o
    0x08002b58   0x08002b58   0x00000002   Code   RO          260    i.PendSV_Handler    stm32f10x_it.o
    0x08002b5a   0x08002b5a   0x00000002   PAD
    0x08002b5c   0x08002b5c   0x00000018   Code   RO         2798    i.RCC_ADCCLKConfig  stm32f10x_rcc.o
    0x08002b74   0x08002b74   0x00000020   Code   RO         2800    i.RCC_APB1PeriphClockCmd  stm32f10x_rcc.o
    0x08002b94   0x08002b94   0x00000020   Code   RO         2801    i.RCC_APB1PeriphResetCmd  stm32f10x_rcc.o
    0x08002bb4   0x08002bb4   0x00000020   Code   RO         2802    i.RCC_APB2PeriphClockCmd  stm32f10x_rcc.o
    0x08002bd4   0x08002bd4   0x00000020   Code   RO         2803    i.RCC_APB2PeriphResetCmd  stm32f10x_rcc.o
    0x08002bf4   0x08002bf4   0x000000d4   Code   RO         2810    i.RCC_GetClocksFreq  stm32f10x_rcc.o
    0x08002cc8   0x08002cc8   0x0000002c   Code   RO          566    i.Relay_init        beep_led_relay.o
    0x08002cf4   0x08002cf4   0x00000002   Code   RO          261    i.SVC_Handler       stm32f10x_it.o
    0x08002cf6   0x08002cf6   0x00000008   Code   RO          344    i.SetSysClock       system_stm32f10x.o
    0x08002cfe   0x08002cfe   0x00000002   PAD
    0x08002d00   0x08002d00   0x000000e0   Code   RO          345    i.SetSysClockTo72   system_stm32f10x.o
    0x08002de0   0x08002de0   0x00000028   Code   RO         1237    i.SysTick_CLKSourceConfig  misc.o
    0x08002e08   0x08002e08   0x00000002   Code   RO          262    i.SysTick_Handler   stm32f10x_it.o
    0x08002e0a   0x08002e0a   0x00000002   PAD
    0x08002e0c   0x08002e0c   0x00000060   Code   RO          347    i.SystemInit        system_stm32f10x.o
    0x08002e6c   0x08002e6c   0x00000078   Code   RO          655    i.TIM3_ENABLE_2S    timer3.o
    0x08002ee4   0x08002ee4   0x00000078   Code   RO          656    i.TIM3_ENABLE_30S   timer3.o
    0x08002f5c   0x08002f5c   0x0000006c   Code   RO          657    i.TIM3_IRQHandler   timer3.o
    0x08002fc8   0x08002fc8   0x000000a8   Code   RO          703    i.TIM4_IRQHandler   timer4.o
    0x08003070   0x08003070   0x00000070   Code   RO          704    i.TIM4_Init         timer4.o
    0x080030e0   0x080030e0   0x00000006   Code   RO         3429    i.TIM_ClearITPendingBit  stm32f10x_tim.o
    0x080030e6   0x080030e6   0x00000018   Code   RO         3434    i.TIM_Cmd           stm32f10x_tim.o
    0x080030fe   0x080030fe   0x00000002   PAD
    0x08003100   0x08003100   0x000001e8   Code   RO         3439    i.TIM_DeInit        stm32f10x_tim.o
    0x080032e8   0x080032e8   0x00000022   Code   RO         3455    i.TIM_GetITStatus   stm32f10x_tim.o
    0x0800330a   0x0800330a   0x00000012   Code   RO         3459    i.TIM_ITConfig      stm32f10x_tim.o
    0x0800331c   0x0800331c   0x00000004   Code   RO         3499    i.TIM_SetCounter    stm32f10x_tim.o
    0x08003320   0x08003320   0x000000a4   Code   RO         3505    i.TIM_TimeBaseInit  stm32f10x_tim.o
    0x080033c4   0x080033c4   0x00000064   Code   RO         4586    i.TxDataBuf_Deal    mqtt.o
    0x08003428   0x08003428   0x00000080   Code   RO          727    i.USART1_IRQHandler  usart .o
    0x080034a8   0x080034a8   0x0000007c   Code   RO          846    i.USART2_IRQHandler  usart2.o
    0x08003524   0x08003524   0x00000080   Code   RO          953    i.USART3_IRQHandler  usart3.o
    0x080035a4   0x080035a4   0x00000012   Code   RO         3966    i.USART_ClearFlag   stm32f10x_usart.o
    0x080035b6   0x080035b6   0x00000018   Code   RO         3970    i.USART_Cmd         stm32f10x_usart.o
    0x080035ce   0x080035ce   0x00000002   PAD
    0x080035d0   0x080035d0   0x0000009c   Code   RO         3972    i.USART_DeInit      stm32f10x_usart.o
    0x0800366c   0x0800366c   0x0000001a   Code   RO         3973    i.USART_GetFlagStatus  stm32f10x_usart.o
    0x08003686   0x08003686   0x00000054   Code   RO         3974    i.USART_GetITStatus  stm32f10x_usart.o
    0x080036da   0x080036da   0x0000004a   Code   RO         3976    i.USART_ITConfig    stm32f10x_usart.o
    0x08003724   0x08003724   0x000000d8   Code   RO         3977    i.USART_Init        stm32f10x_usart.o
    0x080037fc   0x080037fc   0x0000000a   Code   RO         3984    i.USART_ReceiveData  stm32f10x_usart.o
    0x08003806   0x08003806   0x00000008   Code   RO         3987    i.USART_SendData    stm32f10x_usart.o
    0x0800380e   0x0800380e   0x00000002   PAD
    0x08003810   0x08003810   0x00000040   Code   RO          847    i.Uart2_GPIO_Init   usart2.o
    0x08003850   0x08003850   0x00000004   Code   RO          263    i.UsageFault_Handler  stm32f10x_it.o
    0x08003854   0x08003854   0x00000010   Code   RO          848    i.Usart2_Init       usart2.o
    0x08003864   0x08003864   0x00000080   Code   RO          850    i.Usart2_Usart_Init  usart2.o
    0x080038e4   0x080038e4   0x000000a4   Code   RO         4662    i.WiFi_Connect_IoTServer  wifi.o
    0x08003988   0x08003988   0x0000010c   Code   RO         4663    i.WiFi_Connect_Server  wifi.o
    0x08003a94   0x08003a94   0x00000080   Code   RO         4664    i.WiFi_JoinAP       wifi.o
    0x08003b14   0x08003b14   0x0000005c   Code   RO         4665    i.WiFi_Reset        wifi.o
    0x08003b70   0x08003b70   0x00000038   Code   RO         4666    i.WiFi_ResetIO_Init  wifi.o
    0x08003ba8   0x08003ba8   0x0000005c   Code   RO         4667    i.WiFi_SendCmd      wifi.o
    0x08003c04   0x08003c04   0x0000000e   Code   RO          487    i.WriteCmd          oled_i2c.o
    0x08003c12   0x08003c12   0x0000000e   Code   RO          488    i.WriteDat          oled_i2c.o
    0x08003c20   0x08003c20   0x00000028   Code   RO         5012    i.__0sprintf$3      mc_w.l(printf3.o)
    0x08003c48   0x08003c48   0x00000024   Code   RO         5160    i.__0vsprintf       mc_w.l(printfa.o)
    0x08003c6c   0x08003c6c   0x0000000e   Code   RO         5347    i.__scatterload_copy  mc_w.l(handlers.o)
    0x08003c7a   0x08003c7a   0x00000002   Code   RO         5348    i.__scatterload_null  mc_w.l(handlers.o)
    0x08003c7c   0x08003c7c   0x0000000e   Code   RO         5349    i.__scatterload_zeroinit  mc_w.l(handlers.o)
    0x08003c8a   0x08003c8a   0x00000002   PAD
    0x08003c8c   0x08003c8c   0x00000184   Code   RO         5161    i._fp_digits        mc_w.l(printfa.o)
    0x08003e10   0x08003e10   0x000001b8   Code   RO         5017    i._printf_core      mc_w.l(printf3.o)
    0x08003fc8   0x08003fc8   0x000006dc   Code   RO         5162    i._printf_core      mc_w.l(printfa.o)
    0x080046a4   0x080046a4   0x00000024   Code   RO         5163    i._printf_post_padding  mc_w.l(printfa.o)
    0x080046c8   0x080046c8   0x0000002e   Code   RO         5164    i._printf_pre_padding  mc_w.l(printfa.o)
    0x080046f6   0x080046f6   0x0000000a   Code   RO         5019    i._sputc            mc_w.l(printf3.o)
    0x08004700   0x08004700   0x0000000a   Code   RO         5166    i._sputc            mc_w.l(printfa.o)
    0x0800470a   0x0800470a   0x00000002   PAD
    0x0800470c   0x0800470c   0x00000044   Code   RO          378    i.delay_init        delay.o
    0x08004750   0x08004750   0x0000004c   Code   RO          379    i.delay_ms          delay.o
    0x0800479c   0x0800479c   0x0000004c   Code   RO          380    i.delay_us          delay.o
    0x080047e8   0x080047e8   0x0000004a   Code   RO          585    i.isSubstring       control_report_to_police.o
    0x08004832   0x08004832   0x00000056   Code   RO            1    i.main              main.o
    0x08004888   0x08004888   0x000000c8   Code   RO         4587    i.send_data         mqtt.o
    0x08004950   0x08004950   0x00000040   Code   RO          853    i.u2_TxData         usart2.o
    0x08004990   0x08004990   0x00000050   Code   RO          854    i.u2_printf         usart2.o
    0x080049e0   0x080049e0   0x00000018   Code   RO         4763    i.utils_hb2hex      utils_md5.o
    0x080049f8   0x080049f8   0x000000e8   Code   RO         4730    i.utils_hmac_sha1   utils_hmac.o
    0x08004ae0   0x08004ae0   0x000000e8   Code   RO         4831    i.utils_sha1_finish  utils_sha1.o
    0x08004bc8   0x08004bc8   0x0000000e   Code   RO         4833    i.utils_sha1_init   utils_sha1.o
    0x08004bd6   0x08004bd6   0x00000002   PAD
    0x08004bd8   0x08004bd8   0x0000191c   Code   RO         4834    i.utils_sha1_process  utils_sha1.o
    0x080064f4   0x080064f4   0x0000002c   Code   RO         4835    i.utils_sha1_starts  utils_sha1.o
    0x08006520   0x08006520   0x0000007c   Code   RO         4836    i.utils_sha1_update  utils_sha1.o
    0x0800659c   0x0800659c   0x00000818   Data   RO          489    .constdata          oled_i2c.o
    0x08006db4   0x08006db4   0x00000040   Data   RO         4838    .constdata          utils_sha1.o
    0x08006df4   0x08006df4   0x000000b6   Data   RO         4589    .conststring        mqtt.o
    0x08006eaa   0x08006eaa   0x00000002   PAD
    0x08006eac   0x08006eac   0x00000020   Data   RO         5345    Region$$Table       anon$$obj.o


    Execution Region ER_RW (Exec base: 0x20000000, Load base: 0x08006ecc, Size: 0x0000086c, Max: 0xffffffff, ABSOLUTE, COMPRESSED[0x00000414])

    Exec Addr    Load Addr    Size         Type   Attr      Idx    E Section Name        Object

    0x20000000   COMPRESSED   0x00000014   Data   RW          348    .data               system_stm32f10x.o
    0x20000014   COMPRESSED   0x00000004   Data   RW          381    .data               delay.o
    0x20000018   COMPRESSED   0x00000004   Data   RW          439    .data               key.o
    0x2000001c   COMPRESSED   0x00000780   Data   RW          490    .data               oled_i2c.o
    0x2000079c   COMPRESSED   0x00000064   Data   RW          586    .data               control_report_to_police.o
    0x20000800   COMPRESSED   0x00000008   Data   RW          739    .data               usart .o
    0x20000808   COMPRESSED   0x00000006   Data   RW          856    .data               usart2.o
    0x2000080e   COMPRESSED   0x00000002   Data   RW          961    .data               usart3.o
    0x20000810   COMPRESSED   0x00000014   Data   RW         2830    .data               stm32f10x_rcc.o
    0x20000824   COMPRESSED   0x00000044   Data   RW         4590    .data               mqtt.o
    0x20000868   COMPRESSED   0x00000001   Data   RW         4670    .data               wifi.o


    Execution Region ER_ZI (Exec base: 0x2000086c, Load base: 0x080072e0, Size: 0x000045bc, Max: 0xffffffff, ABSOLUTE)

    Exec Addr    Load Addr    Size         Type   Attr      Idx    E Section Name        Object

    0x2000086c   0x080072e0   0x00000004   PAD
    0x20000870        -       0x000003e8   Zero   RW          738    .bss                usart .o
    0x20000c58        -       0x000005e8   Zero   RW          855    .bss                usart2.o
    0x20001240        -       0x000003e8   Zero   RW          960    .bss                usart3.o
    0x20001628        -       0x00003400   Zero   RW         4588    .bss                mqtt.o
    0x20004a28        -       0x00000400   Zero   RW         1226    STACK               startup_stm32f10x_hd.o


==============================================================================

Image component sizes


      Code (inc. data)   RO Data    RW Data    ZI Data      Debug   Object Name

       686         46          0          0          0       5811   adc.o
        88         10          0          0          0       1017   beep_led_relay.o
      2866        376          0        100          0       4525   control_report_to_police.o
       220         26          0          4          0       1655   delay.o
       422         32          0          0          0       3800   dht11.o
       252         16          0          4          0       3292   key.o
        86          0          0          0          0     268743   main.o
       172         22          0          0          0       1985   misc.o
      2382        550        182         68      13312       8974   mqtt.o
       898         38       2072       1920          0       6589   oled_i2c.o
        36          8        304          0       1024        768   startup_stm32f10x_hd.o
       486         24          0          0          0       8390   stm32f10x_adc.o
       310          0          0          0          0       3611   stm32f10x_gpio.o
       486         20          0          0          0       6971   stm32f10x_i2c.o
        26          0          0          0          0       3542   stm32f10x_it.o
       364         50          0         20          0       5983   stm32f10x_rcc.o
       738        106          0          0          0       4732   stm32f10x_tim.o
       616         28          0          0          0       7150   stm32f10x_usart.o
         0          0          0          0          0         32   sys.o
       328         28          0         20          0       1997   system_stm32f10x.o
       348         30          0          0          0       1677   timer3.o
       280         34          0          0          0       1182   timer4.o
       128         18          0          8       1000       3262   usart .o
       476         46          0          6       1512       4350   usart2.o
       128         18          0          2       1000       1359   usart3.o
       232          0          0          0          0       1478   utils_hmac.o
        24          0          0          0          0        499   utils_md5.o
      6842         40         64          0          0       5623   utils_sha1.o
       816        270          0          1          0       4177   wifi.o

    ----------------------------------------------------------------------
     20770       1836       2656       2156      17852     373174   Object Totals
         0          0         32          0          0          0   (incl. Generated)
        34          0          2          3          4          0   (incl. Padding)

    ----------------------------------------------------------------------

      Code (inc. data)   RO Data    RW Data    ZI Data      Debug   Library Member Name

        86          0          0          0          0          0   __dczerorl2.o
         0          0          0          0          0          0   entry.o
         0          0          0          0          0          0   entry10a.o
         0          0          0          0          0          0   entry11a.o
         8          4          0          0          0          0   entry2.o
         4          0          0          0          0          0   entry5.o
         0          0          0          0          0          0   entry7b.o
         0          0          0          0          0          0   entry8b.o
         8          4          0          0          0          0   entry9a.o
        30          0          0          0          0          0   handlers.o
        36          8          0          0          0         68   init.o
         0          0          0          0          0          0   iusefp.o
        30          0          0          0          0         68   llshl.o
        36          0          0          0          0         68   llsshr.o
        32          0          0          0          0         68   llushr.o
        36          0          0          0          0         68   memcpya.o
        36          0          0          0          0        108   memseta.o
       490         10          0          0          0        252   printf3.o
      2272         86          0          0          0        516   printfa.o
        14          0          0          0          0         68   strlen.o
        36          0          0          0          0         80   strstr.o
        44          0          0          0          0         80   uidiv.o
        98          0          0          0          0         92   uldiv.o
        48          0          0          0          0         68   cdrcmple.o
       334          0          0          0          0        148   dadd.o
       222          0          0          0          0        100   ddiv.o
       186          0          0          0          0        176   depilogue.o
        48          0          0          0          0         68   dfixul.o
       228          0          0          0          0         96   dmul.o
       176          0          0          0          0        140   fadd.o
       124          0          0          0          0         88   fdiv.o
       110          0          0          0          0        168   fepilogue.o
        50          0          0          0          0         68   ffixi.o
        10          0          0          0          0         68   ffltui.o
       100          0          0          0          0         76   fmul.o

    ----------------------------------------------------------------------
      4938        112          0          0          0       2800   Library Totals
         6          0          0          0          0          0   (incl. Padding)

    ----------------------------------------------------------------------

      Code (inc. data)   RO Data    RW Data    ZI Data      Debug   Library Name

      3296        112          0          0          0       1536   mc_w.l
      1636          0          0          0          0       1264   mf_w.l

    ----------------------------------------------------------------------
      4938        112          0          0          0       2800   Library Totals

    ----------------------------------------------------------------------

==============================================================================


      Code (inc. data)   RO Data    RW Data    ZI Data      Debug   

     25708       1948       2656       2156      17852     367990   Grand Totals
     25708       1948       2656       1044      17852     367990   ELF Image Totals (compressed)
     25708       1948       2656       1044          0          0   ROM Totals

==============================================================================

    Total RO  Size (Code + RO Data)                28364 (  27.70kB)
    Total RW  Size (RW Data + ZI Data)             20008 (  19.54kB)
    Total ROM Size (Code + RO Data + RW Data)      29408 (  28.72kB)

==============================================================================

