<html>
<body>
<pre>
<h1>礦ision Build Log</h1>
<h2>Tool Versions:</h2>
IDE-Version: μVision V5.24.2.0
Copyright (C) 2017 ARM Ltd and ARM Germany GmbH. All rights reserved.
License Information: Q47719 Q47719, Q47719, LIC=HN0AE-5ES4E-01AP1-CE0QE-CJLC9-K76G5
 
Tool Versions:
Toolchain:       MDK-ARM Plus  Version: 5.24.1
Toolchain Path:  D:\keil5\ARM\ARMCC\Bin
C Compiler:      Armcc.exe V5.06 update 5 (build 528)
Assembler:       Armasm.exe V5.06 update 5 (build 528)
Linker/Locator:  ArmLink.exe V5.06 update 5 (build 528)
Library Manager: ArmAr.exe V5.06 update 5 (build 528)
Hex Converter:   FromElf.exe V5.06 update 5 (build 528)
CPU DLL:         SARMCM3.DLL V5.24.1
Dialog DLL:      DCM.DLL V1.16.0.0
Target DLL:      STLink\ST-LINKIII-KEIL_SWO.dll V3.0.1.0
Dialog DLL:      TCM.DLL V1.32.0.0
 
<h2>Project:</h2>
D:\桌面\毕业设计\毕设\硬件代码\USER\Template.uvprojx
Project File Date:  04/25/2025

<h2>Output:</h2>
*** Using Compiler 'V5.06 update 5 (build 528)', folder: 'D:\keil5\ARM\ARMCC\Bin'
Rebuild target 'Template'
compiling key.c...
compiling OLED_I2C.c...
compiling system_stm32f10x.c...
compiling stm32f10x_it.c...
compiling delay.c...
compiling main.c...
compiling sys.c...
compiling Beep_Led_Relay.c...
compiling dht11.c...
..\SYSTEM\103C8T6_DHT11\dht11.c(20): warning:  #61-D: integer operation result is out of range
  	
HT11_IO_IN();//SET INPUT	 
..\SYSTEM\103C8T6_DHT11\dht11.c(20): warning:  #68-D: integer conversion resulted in a change of sign
  	
HT11_IO_IN();//SET INPUT	 
..\SYSTEM\103C8T6_DHT11\dht11.c: 2 warnings, 0 errors
compiling timer4.c...
compiling timer3.c...
compiling Control_Report_To_Police.c...
compiling usart .c...
compiling usart2.c...
compiling usart3.c...
assembling startup_stm32f10x_hd.s...
compiling spi.c...
compiling adc.c...
compiling myiic.c...
compiling core_cm3.c...
compiling misc.c...
compiling stm32f10x_bkp.c...
compiling stm32f10x_adc.c...
compiling stm32f10x_crc.c...
compiling stm32f10x_can.c...
compiling stm32f10x_dac.c...
compiling stm32f10x_dbgmcu.c...
compiling stm32f10x_dma.c...
compiling stm32f10x_exti.c...
compiling stm32f10x_flash.c...
compiling stm32f10x_fsmc.c...
compiling stm32f10x_iwdg.c...
compiling stm32f10x_pwr.c...
compiling stm32f10x_rtc.c...
compiling stm32f10x_rcc.c...
compiling stm32f10x_sdio.c...
compiling stm32f10x_spi.c...
compiling stm32f10x_usart.c...
compiling stm32f10x_tim.c...
compiling stm32f10x_wwdg.c...
compiling MqttKit.c...
compiling base64.c...
compiling hmac_sha1.c...
compiling esp8266.c...
compiling utils_hmac.c...
compiling wifi.c...
compiling mqtt.c...
compiling onenet.c...
compiling utils_md5.c...
compiling utils_sha1.c...
compiling stm32f10x_cec.c...
compiling stm32f10x_i2c.c...
compiling stm32f10x_gpio.c...
linking...
Program Size: Code=25708 RO-data=2656 RW-data=2156 ZI-data=17852  
FromELF: creating hex file...
"..\OBJ\Template.axf" - 0 Error(s), 2 Warning(s).

<h2>Software Packages used:</h2>

Package Vendor: Keil
                http://www.keil.com/pack/Keil.STM32F1xx_DFP.2.2.0.pack
                Keil.STM32F1xx_DFP.2.2.0
                STMicroelectronics STM32F1 Series Device Support, Drivers and Examples

<h2>Collection of Component include folders:</h2>
  .\RTE\_Template
  D:\keil5\ARM\PACK\Keil\STM32F1xx_DFP\2.2.0\Device\Include

<h2>Collection of Component Files used:</h2>
Build Time Elapsed:  00:00:47
</pre>
</body>
</html>
